
> nx run tia-frontend:test --run

> vitest --run


 RUN  v4.0.9 C:/Users/User/Desktop/TBC Academy/tia-frontend/apps/tia-frontend

node.exe : stderr | 
src/app/features/bank/transfers/components/transfers-internal/services/transfer.internal.service.spec.ts > 
TransferInternalService > fetchConversionRate > should call error callback on failure
At C:\nvm4w\nodejs\npx.ps1:29 char:3
+   & $NODE_EXE $NPX_CLI_JS $args
+   ~~~~~~~~~~~~~~~~~~~~~~~~~~~~~
    + CategoryInfo          : NotSpecified: (stderr | src/ap...back on failure:String) [], RemoteException
    + FullyQualifiedErrorId : NativeCommandError
 
Failed to fetch conversion rate: Error: Failed
    at C:/Users/User/Desktop/TBC Academy/tia-frontend/apps/tia-frontend/src/app/features/bank/transfers/components/tran
sfers-internal/services/transfer.internal.service.spec.ts:260:26
    at Observable.init [as _subscribe] (C:\Users\User\Desktop\TBC 
Academy\tia-frontend\node_modules\rxjs\dist\cjs\internal\observable\throwError.js:8:64)
    at Observable._trySubscribe (C:\Users\User\Desktop\TBC 
Academy\tia-frontend\node_modules\rxjs\dist\cjs\internal\Observable.js:41:25)
    at C:\Users\User\Desktop\TBC Academy\tia-frontend\node_modules\rxjs\dist\cjs\internal\Observable.js:35:31
    at Object.errorContext (C:\Users\User\Desktop\TBC 
Academy\tia-frontend\node_modules\rxjs\dist\cjs\internal\util\errorContext.js:22:9)
    at Observable.subscribe (C:\Users\User\Desktop\TBC 
Academy\tia-frontend\node_modules\rxjs\dist\cjs\internal\Observable.js:26:24)
    at C:\Users\User\Desktop\TBC Academy\tia-frontend\node_modules\rxjs\dist\cjs\internal\operators\tap.js:18:20
    at OperatorSubscriber.<anonymous> (C:\Users\User\Desktop\TBC 
Academy\tia-frontend\node_modules\rxjs\dist\cjs\internal\util\lift.js:14:28)
    at C:\Users\User\Desktop\TBC Academy\tia-frontend\node_modules\rxjs\dist\cjs\internal\Observable.js:30:30
    at Object.errorContext (C:\Users\User\Desktop\TBC 
Academy\tia-frontend\node_modules\rxjs\dist\cjs\internal\util\errorContext.js:22:9)

 Γ£ô |tia-frontend| src/app/features/bank/transfers/components/transfers-internal/services/transfer.internal.service.spec.ts (20 tests) 66ms
 Γ£ô |tia-frontend| src/app/features/bank/transfers/components/transfers-internal/components/internal-to-account/internal-to-account.spec.ts (14 tests) 273ms
 Γ£ô |tia-frontend| src/app/features/bank/transfers/components/transfers-internal/components/internal-from-account/internal-from-account.spec.ts (28 tests) 368ms
 Γ£ô |tia-frontend| src/app/features/bank/messaging/shared/ui/email-chips-input/email-chips-input.spec.ts (24 tests) 567ms
 Γ£ô |tia-frontend| src/app/features/bank/messaging/store/messaging.store.spec.ts (27 tests) 1174ms
     Γ£ô should search mails successfully  369ms
     Γ£ô should handle empty search query  365ms
     Γ£ô should handle search error  353ms
 Γ£ô |tia-frontend| src/app/features/bank/products/components/cards/components/card-transactions/container/card-transactions.spec.ts (24 tests) 541ms
 Γ£ô |tia-frontend| src/app/features/bank/settings/components/appearance/container/appearance-container.spec.ts (14 tests) 574ms
 Γ£ô |tia-frontend| src/app/features/bank/products/integrations/accounts/accounts-list.int.spec.ts (5 tests) 579ms
       Γ£ô should create and initialize with inputs  372ms
 Γ£ô |tia-frontend| src/app/features/bank/messaging/container/messaging-container.spec.ts (1 test) 969ms
     Γ£ô should create  968ms
 Γ£ô |tia-frontend| src/app/features/bank/transfers/components/transfers-internal/components/internal-amount/internal-amount.spec.ts (30 tests) 1335ms
 Γ£ô |tia-frontend| src/app/features/bank/transfers/components/transfers-external/components/external-amount/external-amount.spec.ts (11 tests) 839ms
     Γ£ô should call handleAmountInput when input value changes  345ms
 Γ£ô |tia-frontend| src/app/features/bank/products/components/cards/components/card-details/container/card-details.spec.ts (12 tests) 669ms
     Γ£ô should create  390ms
 Γ£ô |tia-frontend| src/app/features/bank/settings/components/user-management/components/user-management/user-management.component.spec.ts (6 tests) 801ms
     Γ£ô should create and load users  409ms
stderr | src/app/features/bank/settings/components/approve-accounts/container/approve-accounts-container.spec.ts > 
ApproveAccountsContainer > should init correctly and call load methods
NG0304: 'app-basic-card' is not a known element (used in the 'ApproveAccountsContainer2' component template):
1. If 'app-basic-card' is an Angular component, then verify that it is included in the '@Component.imports' of this 
component.
2. If 'app-basic-card' is a Web Component then add 'CUSTOM_ELEMENTS_SCHEMA' to the '@Component.schemas' of this 
component to suppress this message.
NG0304: 'app-scroll-area' is not a known element (used in the 'ApproveAccountsContainer2' component template):
1. If 'app-scroll-area' is an Angular component, then verify that it is included in the '@Component.imports' of this 
component.
2. If 'app-scroll-area' is a Web Component then add 'CUSTOM_ELEMENTS_SCHEMA' to the '@Component.schemas' of this 
component to suppress this message.
NG0303: Can't bind to 'width' since it isn't a known property of 'app-basic-card' (used in the 
'ApproveAccountsContainer2' component template).
1. If 'app-basic-card' is an Angular component and it has the 'width' input, then verify that it is included in the 
'@Component.imports' of this component.
2. If 'app-basic-card' is a Web Component then add 'CUSTOM_ELEMENTS_SCHEMA' to the '@Component.schemas' of this 
component to suppress this message.
3. To allow any property add 'NO_ERRORS_SCHEMA' to the '@Component.schemas' of this component.
NG0303: Can't bind to 'minWidth' since it isn't a known property of 'app-basic-card' (used in the 
'ApproveAccountsContainer2' component template).
1. If 'app-basic-card' is an Angular component and it has the 'minWidth' input, then verify that it is included in the 
'@Component.imports' of this component.
2. If 'app-basic-card' is a Web Component then add 'CUSTOM_ELEMENTS_SCHEMA' to the '@Component.schemas' of this 
component to suppress this message.
3. To allow any property add 'NO_ERRORS_SCHEMA' to the '@Component.schemas' of this component.
NG0303: Can't bind to 'height' since it isn't a known property of 'app-basic-card' (used in the 
'ApproveAccountsContainer2' component template).
1. If 'app-basic-card' is an Angular component and it has the 'height' input, then verify that it is included in the 
'@Component.imports' of this component.
2. If 'app-basic-card' is a Web Component then add 'CUSTOM_ELEMENTS_SCHEMA' to the '@Component.schemas' of this 
component to suppress this message.
3. To allow any property add 'NO_ERRORS_SCHEMA' to the '@Component.schemas' of this component.
NG0303: Can't bind to 'subtitle' since it isn't a known property of 'app-basic-card' (used in the 
'ApproveAccountsContainer2' component template).
1. If 'app-basic-card' is an Angular component and it has the 'subtitle' input, then verify that it is included in the 
'@Component.imports' of this component.
2. If 'app-basic-card' is a Web Component then add 'CUSTOM_ELEMENTS_SCHEMA' to the '@Component.schemas' of this 
component to suppress this message.
3. To allow any property add 'NO_ERRORS_SCHEMA' to the '@Component.schemas' of this component.
NG0303: Can't bind to 'hideBorder' since it isn't a known property of 'app-scroll-area' (used in the 
'ApproveAccountsContainer2' component template).
1. If 'app-scroll-area' is an Angular component and it has the 'hideBorder' input, then verify that it is included in 
the '@Component.imports' of this component.
2. If 'app-scroll-area' is a Web Component then add 'CUSTOM_ELEMENTS_SCHEMA' to the '@Component.schemas' of this 
component to suppress this message.
3. To allow any property add 'NO_ERRORS_SCHEMA' to the '@Component.schemas' of this component.
NG0303: Can't bind to 'height' since it isn't a known property of 'app-scroll-area' (used in the 
'ApproveAccountsContainer2' component template).
1. If 'app-scroll-area' is an Angular component and it has the 'height' input, then verify that it is included in the 
'@Component.imports' of this component.
2. If 'app-scroll-area' is a Web Component then add 'CUSTOM_ELEMENTS_SCHEMA' to the '@Component.schemas' of this 
component to suppress this message.
3. To allow any property add 'NO_ERRORS_SCHEMA' to the '@Component.schemas' of this component.
NG0304: 'app-error-states' is not a known element (used in the 'ApproveAccountsContainer2' component template):
1. If 'app-error-states' is an Angular component, then verify that it is included in the '@Component.imports' of this 
component.
2. If 'app-error-states' is a Web Component then add 'CUSTOM_ELEMENTS_SCHEMA' to the '@Component.schemas' of this 
component to suppress this message.

 Γ£ô |tia-frontend| src/app/features/storybook/components/drag-and-drop/container/drag-and-drop.spec.ts (6 tests) 1194ms
     Γ£ô should create  513ms
stderr | src/app/features/bank/settings/components/approve-accounts/container/approve-accounts-container.spec.ts > 
ApproveAccountsContainer > should sync form controls when permissions signal updates
NG0304: 'app-basic-card' is not a known element (used in the 'ApproveAccountsContainer2' component template):
1. If 'app-basic-card' is an Angular component, then verify that it is included in the '@Component.imports' of this 
component.
2. If 'app-basic-card' is a Web Component then add 'CUSTOM_ELEMENTS_SCHEMA' to the '@Component.schemas' of this 
component to suppress this message.
NG0304: 'app-scroll-area' is not a known element (used in the 'ApproveAccountsContainer2' component template):
1. If 'app-scroll-area' is an Angular component, then verify that it is included in the '@Component.imports' of this 
component.
2. If 'app-scroll-area' is a Web Component then add 'CUSTOM_ELEMENTS_SCHEMA' to the '@Component.schemas' of this 
component to suppress this message.
NG0303: Can't bind to 'width' since it isn't a known property of 'app-basic-card' (used in the 
'ApproveAccountsContainer2' component template).
1. If 'app-basic-card' is an Angular component and it has the 'width' input, then verify that it is included in the 
'@Component.imports' of this component.
2. If 'app-basic-card' is a Web Component then add 'CUSTOM_ELEMENTS_SCHEMA' to the '@Component.schemas' of this 
component to suppress this message.
3. To allow any property add 'NO_ERRORS_SCHEMA' to the '@Component.schemas' of this component.
NG0303: Can't bind to 'minWidth' since it isn't a known property of 'app-basic-card' (used in the 
'ApproveAccountsContainer2' component template).
1. If 'app-basic-card' is an Angular component and it has the 'minWidth' input, then verify that it is included in the 
'@Component.imports' of this component.
2. If 'app-basic-card' is a Web Component then add 'CUSTOM_ELEMENTS_SCHEMA' to the '@Component.schemas' of this 
component to suppress this message.
3. To allow any property add 'NO_ERRORS_SCHEMA' to the '@Component.schemas' of this component.
NG0303: Can't bind to 'height' since it isn't a known property of 'app-basic-card' (used in the 
'ApproveAccountsContainer2' component template).
1. If 'app-basic-card' is an Angular component and it has the 'height' input, then verify that it is included in the 
'@Component.imports' of this component.
2. If 'app-basic-card' is a Web Component then add 'CUSTOM_ELEMENTS_SCHEMA' to the '@Component.schemas' of this 
component to suppress this message.
3. To allow any property add 'NO_ERRORS_SCHEMA' to the '@Component.schemas' of this component.
NG0303: Can't bind to 'subtitle' since it isn't a known property of 'app-basic-card' (used in the 
'ApproveAccountsContainer2' component template).
1. If 'app-basic-card' is an Angular component and it has the 'subtitle' input, then verify that it is included in the 
'@Component.imports' of this component.
2. If 'app-basic-card' is a Web Component then add 'CUSTOM_ELEMENTS_SCHEMA' to the '@Component.schemas' of this 
component to suppress this message.
3. To allow any property add 'NO_ERRORS_SCHEMA' to the '@Component.schemas' of this component.
NG0303: Can't bind to 'hideBorder' since it isn't a known property of 'app-scroll-area' (used in the 
'ApproveAccountsContainer2' component template).
1. If 'app-scroll-area' is an Angular component and it has the 'hideBorder' input, then verify that it is included in 
the '@Component.imports' of this component.
2. If 'app-scroll-area' is a Web Component then add 'CUSTOM_ELEMENTS_SCHEMA' to the '@Component.schemas' of this 
component to suppress this message.
3. To allow any property add 'NO_ERRORS_SCHEMA' to the '@Component.schemas' of this component.
NG0303: Can't bind to 'height' since it isn't a known property of 'app-scroll-area' (used in the 
'ApproveAccountsContainer2' component template).
1. If 'app-scroll-area' is an Angular component and it has the 'height' input, then verify that it is included in the 
'@Component.imports' of this component.
2. If 'app-scroll-area' is a Web Component then add 'CUSTOM_ELEMENTS_SCHEMA' to the '@Component.schemas' of this 
component to suppress this message.
3. To allow any property add 'NO_ERRORS_SCHEMA' to the '@Component.schemas' of this component.
NG0304: 'app-error-states' is not a known element (used in the 'ApproveAccountsContainer2' component template):
1. If 'app-error-states' is an Angular component, then verify that it is included in the '@Component.imports' of this 
component.
2. If 'app-error-states' is a Web Component then add 'CUSTOM_ELEMENTS_SCHEMA' to the '@Component.schemas' of this 
component to suppress this message.

stderr | src/app/features/bank/settings/components/approve-accounts/container/approve-accounts-container.spec.ts > 
ApproveAccountsContainer > should map permissions correctly for UI
NG0304: 'app-basic-card' is not a known element (used in the 'ApproveAccountsContainer2' component template):
1. If 'app-basic-card' is an Angular component, then verify that it is included in the '@Component.imports' of this 
component.
2. If 'app-basic-card' is a Web Component then add 'CUSTOM_ELEMENTS_SCHEMA' to the '@Component.schemas' of this 
component to suppress this message.
NG0304: 'app-scroll-area' is not a known element (used in the 'ApproveAccountsContainer2' component template):
1. If 'app-scroll-area' is an Angular component, then verify that it is included in the '@Component.imports' of this 
component.
2. If 'app-scroll-area' is a Web Component then add 'CUSTOM_ELEMENTS_SCHEMA' to the '@Component.schemas' of this 
component to suppress this message.
NG0303: Can't bind to 'width' since it isn't a known property of 'app-basic-card' (used in the 
'ApproveAccountsContainer2' component template).
1. If 'app-basic-card' is an Angular component and it has the 'width' input, then verify that it is included in the 
'@Component.imports' of this component.
2. If 'app-basic-card' is a Web Component then add 'CUSTOM_ELEMENTS_SCHEMA' to the '@Component.schemas' of this 
component to suppress this message.
3. To allow any property add 'NO_ERRORS_SCHEMA' to the '@Component.schemas' of this component.
NG0303: Can't bind to 'minWidth' since it isn't a known property of 'app-basic-card' (used in the 
'ApproveAccountsContainer2' component template).
1. If 'app-basic-card' is an Angular component and it has the 'minWidth' input, then verify that it is included in the 
'@Component.imports' of this component.
2. If 'app-basic-card' is a Web Component then add 'CUSTOM_ELEMENTS_SCHEMA' to the '@Component.schemas' of this 
component to suppress this message.
3. To allow any property add 'NO_ERRORS_SCHEMA' to the '@Component.schemas' of this component.
NG0303: Can't bind to 'height' since it isn't a known property of 'app-basic-card' (used in the 
'ApproveAccountsContainer2' component template).
1. If 'app-basic-card' is an Angular component and it has the 'height' input, then verify that it is included in the 
'@Component.imports' of this component.
2. If 'app-basic-card' is a Web Component then add 'CUSTOM_ELEMENTS_SCHEMA' to the '@Component.schemas' of this 
component to suppress this message.
3. To allow any property add 'NO_ERRORS_SCHEMA' to the '@Component.schemas' of this component.
NG0303: Can't bind to 'subtitle' since it isn't a known property of 'app-basic-card' (used in the 
'ApproveAccountsContainer2' component template).
1. If 'app-basic-card' is an Angular component and it has the 'subtitle' input, then verify that it is included in the 
'@Component.imports' of this component.
2. If 'app-basic-card' is a Web Component then add 'CUSTOM_ELEMENTS_SCHEMA' to the '@Component.schemas' of this 
component to suppress this message.
3. To allow any property add 'NO_ERRORS_SCHEMA' to the '@Component.schemas' of this component.
NG0303: Can't bind to 'hideBorder' since it isn't a known property of 'app-scroll-area' (used in the 
'ApproveAccountsContainer2' component template).
1. If 'app-scroll-area' is an Angular component and it has the 'hideBorder' input, then verify that it is included in 
the '@Component.imports' of this component.
2. If 'app-scroll-area' is a Web Component then add 'CUSTOM_ELEMENTS_SCHEMA' to the '@Component.schemas' of this 
component to suppress this message.
3. To allow any property add 'NO_ERRORS_SCHEMA' to the '@Component.schemas' of this component.
NG0303: Can't bind to 'height' since it isn't a known property of 'app-scroll-area' (used in the 
'ApproveAccountsContainer2' component template).
1. If 'app-scroll-area' is an Angular component and it has the 'height' input, then verify that it is included in the 
'@Component.imports' of this component.
2. If 'app-scroll-area' is a Web Component then add 'CUSTOM_ELEMENTS_SCHEMA' to the '@Component.schemas' of this 
component to suppress this message.
3. To allow any property add 'NO_ERRORS_SCHEMA' to the '@Component.schemas' of this component.
NG0304: 'app-error-states' is not a known element (used in the 'ApproveAccountsContainer2' component template):
1. If 'app-error-states' is an Angular component, then verify that it is included in the '@Component.imports' of this 
component.
2. If 'app-error-states' is a Web Component then add 'CUSTOM_ELEMENTS_SCHEMA' to the '@Component.schemas' of this 
component to suppress this message.

stderr | src/app/features/bank/settings/components/approve-accounts/container/approve-accounts-container.spec.ts > 
ApproveAccountsContainer > should correctly compute account details based on activeAccountId
NG0304: 'app-basic-card' is not a known element (used in the 'ApproveAccountsContainer2' component template):
1. If 'app-basic-card' is an Angular component, then verify that it is included in the '@Component.imports' of this 
component.
2. If 'app-basic-card' is a Web Component then add 'CUSTOM_ELEMENTS_SCHEMA' to the '@Component.schemas' of this 
component to suppress this message.
NG0304: 'app-scroll-area' is not a known element (used in the 'ApproveAccountsContainer2' component template):
1. If 'app-scroll-area' is an Angular component, then verify that it is included in the '@Component.imports' of this 
component.
2. If 'app-scroll-area' is a Web Component then add 'CUSTOM_ELEMENTS_SCHEMA' to the '@Component.schemas' of this 
component to suppress this message.
NG0303: Can't bind to 'width' since it isn't a known property of 'app-basic-card' (used in the 
'ApproveAccountsContainer2' component template).
1. If 'app-basic-card' is an Angular component and it has the 'width' input, then verify that it is included in the 
'@Component.imports' of this component.
2. If 'app-basic-card' is a Web Component then add 'CUSTOM_ELEMENTS_SCHEMA' to the '@Component.schemas' of this 
component to suppress this message.
3. To allow any property add 'NO_ERRORS_SCHEMA' to the '@Component.schemas' of this component.
NG0303: Can't bind to 'minWidth' since it isn't a known property of 'app-basic-card' (used in the 
'ApproveAccountsContainer2' component template).
1. If 'app-basic-card' is an Angular component and it has the 'minWidth' input, then verify that it is included in the 
'@Component.imports' of this component.
2. If 'app-basic-card' is a Web Component then add 'CUSTOM_ELEMENTS_SCHEMA' to the '@Component.schemas' of this 
component to suppress this message.
3. To allow any property add 'NO_ERRORS_SCHEMA' to the '@Component.schemas' of this component.
NG0303: Can't bind to 'height' since it isn't a known property of 'app-basic-card' (used in the 
'ApproveAccountsContainer2' component template).
1. If 'app-basic-card' is an Angular component and it has the 'height' input, then verify that it is included in the 
'@Component.imports' of this component.
2. If 'app-basic-card' is a Web Component then add 'CUSTOM_ELEMENTS_SCHEMA' to the '@Component.schemas' of this 
component to suppress this message.
3. To allow any property add 'NO_ERRORS_SCHEMA' to the '@Component.schemas' of this component.
NG0303: Can't bind to 'subtitle' since it isn't a known property of 'app-basic-card' (used in the 
'ApproveAccountsContainer2' component template).
1. If 'app-basic-card' is an Angular component and it has the 'subtitle' input, then verify that it is included in the 
'@Component.imports' of this component.
2. If 'app-basic-card' is a Web Component then add 'CUSTOM_ELEMENTS_SCHEMA' to the '@Component.schemas' of this 
component to suppress this message.
3. To allow any property add 'NO_ERRORS_SCHEMA' to the '@Component.schemas' of this component.
NG0303: Can't bind to 'hideBorder' since it isn't a known property of 'app-scroll-area' (used in the 
'ApproveAccountsContainer2' component template).
1. If 'app-scroll-area' is an Angular component and it has the 'hideBorder' input, then verify that it is included in 
the '@Component.imports' of this component.
2. If 'app-scroll-area' is a Web Component then add 'CUSTOM_ELEMENTS_SCHEMA' to the '@Component.schemas' of this 
component to suppress this message.
3. To allow any property add 'NO_ERRORS_SCHEMA' to the '@Component.schemas' of this component.
NG0303: Can't bind to 'height' since it isn't a known property of 'app-scroll-area' (used in the 
'ApproveAccountsContainer2' component template).
1. If 'app-scroll-area' is an Angular component and it has the 'height' input, then verify that it is included in the 
'@Component.imports' of this component.
2. If 'app-scroll-area' is a Web Component then add 'CUSTOM_ELEMENTS_SCHEMA' to the '@Component.schemas' of this 
component to suppress this message.
3. To allow any property add 'NO_ERRORS_SCHEMA' to the '@Component.schemas' of this component.
NG0304: 'app-error-states' is not a known element (used in the 'ApproveAccountsContainer2' component template):
1. If 'app-error-states' is an Angular component, then verify that it is included in the '@Component.imports' of this 
component.
2. If 'app-error-states' is a Web Component then add 'CUSTOM_ELEMENTS_SCHEMA' to the '@Component.schemas' of this 
component to suppress this message.

stderr | src/app/features/bank/settings/components/approve-accounts/container/approve-accounts-container.spec.ts > 
ApproveAccountsContainer > should correctly compute account details based on activeAccountId
NG0304: 'app-cards-approve-element' is not a known element (used in the 'ApproveAccountsContainer2' component 
template):
1. If 'app-cards-approve-element' is an Angular component, then verify that it is included in the '@Component.imports' 
of this component.
2. If 'app-cards-approve-element' is a Web Component then add 'CUSTOM_ELEMENTS_SCHEMA' to the '@Component.schemas' of 
this component to suppress this message.
NG0303: Can't bind to 'status' since it isn't a known property of 'app-cards-approve-element' (used in the 
'ApproveAccountsContainer2' component template).
1. If 'app-cards-approve-element' is an Angular component and it has the 'status' input, then verify that it is 
included in the '@Component.imports' of this component.
2. If 'app-cards-approve-element' is a Web Component then add 'CUSTOM_ELEMENTS_SCHEMA' to the '@Component.schemas' of 
this component to suppress this message.
3. To allow any property add 'NO_ERRORS_SCHEMA' to the '@Component.schemas' of this component.
NG0303: Can't bind to 'email' since it isn't a known property of 'app-cards-approve-element' (used in the 
'ApproveAccountsContainer2' component template).
1. If 'app-cards-approve-element' is an Angular component and it has the 'email' input, then verify that it is 
included in the '@Component.imports' of this component.
2. If 'app-cards-approve-element' is a Web Component then add 'CUSTOM_ELEMENTS_SCHEMA' to the '@Component.schemas' of 
this component to suppress this message.
3. To allow any property add 'NO_ERRORS_SCHEMA' to the '@Component.schemas' of this component.
NG0303: Can't bind to 'network' since it isn't a known property of 'app-cards-approve-element' (used in the 
'ApproveAccountsContainer2' component template).
1. If 'app-cards-approve-element' is an Angular component and it has the 'network' input, then verify that it is 
included in the '@Component.imports' of this component.
2. If 'app-cards-approve-element' is a Web Component then add 'CUSTOM_ELEMENTS_SCHEMA' to the '@Component.schemas' of 
this component to suppress this message.
3. To allow any property add 'NO_ERRORS_SCHEMA' to the '@Component.schemas' of this component.
NG0303: Can't bind to 'balance' since it isn't a known property of 'app-cards-approve-element' (used in the 
'ApproveAccountsContainer2' component template).
1. If 'app-cards-approve-element' is an Angular component and it has the 'balance' input, then verify that it is 
included in the '@Component.imports' of this component.
2. If 'app-cards-approve-element' is a Web Component then add 'CUSTOM_ELEMENTS_SCHEMA' to the '@Component.schemas' of 
this component to suppress this message.
3. To allow any property add 'NO_ERRORS_SCHEMA' to the '@Component.schemas' of this component.
NG0303: Can't bind to 'creationDate' since it isn't a known property of 'app-cards-approve-element' (used in the 
'ApproveAccountsContainer2' component template).
1. If 'app-cards-approve-element' is an Angular component and it has the 'creationDate' input, then verify that it is 
included in the '@Component.imports' of this component.
2. If 'app-cards-approve-element' is a Web Component then add 'CUSTOM_ELEMENTS_SCHEMA' to the '@Component.schemas' of 
this component to suppress this message.
3. To allow any property add 'NO_ERRORS_SCHEMA' to the '@Component.schemas' of this component.
NG0303: Can't bind to 'marked' since it isn't a known property of 'app-cards-approve-element' (used in the 
'ApproveAccountsContainer2' component template).
1. If 'app-cards-approve-element' is an Angular component and it has the 'marked' input, then verify that it is 
included in the '@Component.imports' of this component.
2. If 'app-cards-approve-element' is a Web Component then add 'CUSTOM_ELEMENTS_SCHEMA' to the '@Component.schemas' of 
this component to suppress this message.
3. To allow any property add 'NO_ERRORS_SCHEMA' to the '@Component.schemas' of this component.

 Γ£ô |tia-frontend| src/app/features/bank/products/integrations/accounts/accounts-container.int.spec.ts (13 tests) 861ms
       Γ£ô should create the component  397ms
stderr | src/app/features/bank/settings/components/approve-accounts/container/approve-accounts-container.spec.ts > 
ApproveAccountsContainer > should open modal and stage account ID on save
NG0304: 'app-basic-card' is not a known element (used in the 'ApproveAccountsContainer2' component template):
1. If 'app-basic-card' is an Angular component, then verify that it is included in the '@Component.imports' of this 
component.
2. If 'app-basic-card' is a Web Component then add 'CUSTOM_ELEMENTS_SCHEMA' to the '@Component.schemas' of this 
component to suppress this message.
NG0304: 'app-scroll-area' is not a known element (used in the 'ApproveAccountsContainer2' component template):
1. If 'app-scroll-area' is an Angular component, then verify that it is included in the '@Component.imports' of this 
component.
2. If 'app-scroll-area' is a Web Component then add 'CUSTOM_ELEMENTS_SCHEMA' to the '@Component.schemas' of this 
component to suppress this message.
NG0303: Can't bind to 'width' since it isn't a known property of 'app-basic-card' (used in the 
'ApproveAccountsContainer2' component template).
1. If 'app-basic-card' is an Angular component and it has the 'width' input, then verify that it is included in the 
'@Component.imports' of this component.
2. If 'app-basic-card' is a Web Component then add 'CUSTOM_ELEMENTS_SCHEMA' to the '@Component.schemas' of this 
component to suppress this message.
3. To allow any property add 'NO_ERRORS_SCHEMA' to the '@Component.schemas' of this component.
NG0303: Can't bind to 'minWidth' since it isn't a known property of 'app-basic-card' (used in the 
'ApproveAccountsContainer2' component template).
1. If 'app-basic-card' is an Angular component and it has the 'minWidth' input, then verify that it is included in the 
'@Component.imports' of this component.
2. If 'app-basic-card' is a Web Component then add 'CUSTOM_ELEMENTS_SCHEMA' to the '@Component.schemas' of this 
component to suppress this message.
3. To allow any property add 'NO_ERRORS_SCHEMA' to the '@Component.schemas' of this component.
NG0303: Can't bind to 'height' since it isn't a known property of 'app-basic-card' (used in the 
'ApproveAccountsContainer2' component template).
1. If 'app-basic-card' is an Angular component and it has the 'height' input, then verify that it is included in the 
'@Component.imports' of this component.
2. If 'app-basic-card' is a Web Component then add 'CUSTOM_ELEMENTS_SCHEMA' to the '@Component.schemas' of this 
component to suppress this message.
3. To allow any property add 'NO_ERRORS_SCHEMA' to the '@Component.schemas' of this component.
NG0303: Can't bind to 'subtitle' since it isn't a known property of 'app-basic-card' (used in the 
'ApproveAccountsContainer2' component template).
1. If 'app-basic-card' is an Angular component and it has the 'subtitle' input, then verify that it is included in the 
'@Component.imports' of this component.
2. If 'app-basic-card' is a Web Component then add 'CUSTOM_ELEMENTS_SCHEMA' to the '@Component.schemas' of this 
component to suppress this message.
3. To allow any property add 'NO_ERRORS_SCHEMA' to the '@Component.schemas' of this component.
NG0303: Can't bind to 'hideBorder' since it isn't a known property of 'app-scroll-area' (used in the 
'ApproveAccountsContainer2' component template).
1. If 'app-scroll-area' is an Angular component and it has the 'hideBorder' input, then verify that it is included in 
the '@Component.imports' of this component.
2. If 'app-scroll-area' is a Web Component then add 'CUSTOM_ELEMENTS_SCHEMA' to the '@Component.schemas' of this 
component to suppress this message.
3. To allow any property add 'NO_ERRORS_SCHEMA' to the '@Component.schemas' of this component.
NG0303: Can't bind to 'height' since it isn't a known property of 'app-scroll-area' (used in the 
'ApproveAccountsContainer2' component template).
1. If 'app-scroll-area' is an Angular component and it has the 'height' input, then verify that it is included in the 
'@Component.imports' of this component.
2. If 'app-scroll-area' is a Web Component then add 'CUSTOM_ELEMENTS_SCHEMA' to the '@Component.schemas' of this 
component to suppress this message.
3. To allow any property add 'NO_ERRORS_SCHEMA' to the '@Component.schemas' of this component.
NG0304: 'app-error-states' is not a known element (used in the 'ApproveAccountsContainer2' component template):
1. If 'app-error-states' is an Angular component, then verify that it is included in the '@Component.imports' of this 
component.
2. If 'app-error-states' is a Web Component then add 'CUSTOM_ELEMENTS_SCHEMA' to the '@Component.schemas' of this 
component to suppress this message.

stderr | src/app/features/bank/settings/components/approve-accounts/container/approve-accounts-container.spec.ts > 
ApproveAccountsContainer > should calculate bitwise sum and save permissions on approve
NG0304: 'app-basic-card' is not a known element (used in the 'ApproveAccountsContainer2' component template):
1. If 'app-basic-card' is an Angular component, then verify that it is included in the '@Component.imports' of this 
component.
2. If 'app-basic-card' is a Web Component then add 'CUSTOM_ELEMENTS_SCHEMA' to the '@Component.schemas' of this 
component to suppress this message.
NG0304: 'app-scroll-area' is not a known element (used in the 'ApproveAccountsContainer2' component template):
1. If 'app-scroll-area' is an Angular component, then verify that it is included in the '@Component.imports' of this 
component.
2. If 'app-scroll-area' is a Web Component then add 'CUSTOM_ELEMENTS_SCHEMA' to the '@Component.schemas' of this 
component to suppress this message.
NG0303: Can't bind to 'width' since it isn't a known property of 'app-basic-card' (used in the 
'ApproveAccountsContainer2' component template).
1. If 'app-basic-card' is an Angular component and it has the 'width' input, then verify that it is included in the 
'@Component.imports' of this component.
2. If 'app-basic-card' is a Web Component then add 'CUSTOM_ELEMENTS_SCHEMA' to the '@Component.schemas' of this 
component to suppress this message.
3. To allow any property add 'NO_ERRORS_SCHEMA' to the '@Component.schemas' of this component.
NG0303: Can't bind to 'minWidth' since it isn't a known property of 'app-basic-card' (used in the 
'ApproveAccountsContainer2' component template).
1. If 'app-basic-card' is an Angular component and it has the 'minWidth' input, then verify that it is included in the 
'@Component.imports' of this component.
2. If 'app-basic-card' is a Web Component then add 'CUSTOM_ELEMENTS_SCHEMA' to the '@Component.schemas' of this 
component to suppress this message.
3. To allow any property add 'NO_ERRORS_SCHEMA' to the '@Component.schemas' of this component.
NG0303: Can't bind to 'height' since it isn't a known property of 'app-basic-card' (used in the 
'ApproveAccountsContainer2' component template).
1. If 'app-basic-card' is an Angular component and it has the 'height' input, then verify that it is included in the 
'@Component.imports' of this component.
2. If 'app-basic-card' is a Web Component then add 'CUSTOM_ELEMENTS_SCHEMA' to the '@Component.schemas' of this 
component to suppress this message.
3. To allow any property add 'NO_ERRORS_SCHEMA' to the '@Component.schemas' of this component.
NG0303: Can't bind to 'subtitle' since it isn't a known property of 'app-basic-card' (used in the 
'ApproveAccountsContainer2' component template).
1. If 'app-basic-card' is an Angular component and it has the 'subtitle' input, then verify that it is included in the 
'@Component.imports' of this component.
2. If 'app-basic-card' is a Web Component then add 'CUSTOM_ELEMENTS_SCHEMA' to the '@Component.schemas' of this 
component to suppress this message.
3. To allow any property add 'NO_ERRORS_SCHEMA' to the '@Component.schemas' of this component.
NG0303: Can't bind to 'hideBorder' since it isn't a known property of 'app-scroll-area' (used in the 
'ApproveAccountsContainer2' component template).
1. If 'app-scroll-area' is an Angular component and it has the 'hideBorder' input, then verify that it is included in 
the '@Component.imports' of this component.
2. If 'app-scroll-area' is a Web Component then add 'CUSTOM_ELEMENTS_SCHEMA' to the '@Component.schemas' of this 
component to suppress this message.
3. To allow any property add 'NO_ERRORS_SCHEMA' to the '@Component.schemas' of this component.
NG0303: Can't bind to 'height' since it isn't a known property of 'app-scroll-area' (used in the 
'ApproveAccountsContainer2' component template).
1. If 'app-scroll-area' is an Angular component and it has the 'height' input, then verify that it is included in the 
'@Component.imports' of this component.
2. If 'app-scroll-area' is a Web Component then add 'CUSTOM_ELEMENTS_SCHEMA' to the '@Component.schemas' of this 
component to suppress this message.
3. To allow any property add 'NO_ERRORS_SCHEMA' to the '@Component.schemas' of this component.
NG0304: 'app-error-states' is not a known element (used in the 'ApproveAccountsContainer2' component template):
1. If 'app-error-states' is an Angular component, then verify that it is included in the '@Component.imports' of this 
component.
2. If 'app-error-states' is a Web Component then add 'CUSTOM_ELEMENTS_SCHEMA' to the '@Component.schemas' of this 
component to suppress this message.

stderr | src/app/features/bank/settings/components/approve-accounts/container/approve-accounts-container.spec.ts > 
ApproveAccountsContainer > should update status to closed on decline
NG0304: 'app-basic-card' is not a known element (used in the 'ApproveAccountsContainer2' component template):
1. If 'app-basic-card' is an Angular component, then verify that it is included in the '@Component.imports' of this 
component.
2. If 'app-basic-card' is a Web Component then add 'CUSTOM_ELEMENTS_SCHEMA' to the '@Component.schemas' of this 
component to suppress this message.
NG0304: 'app-scroll-area' is not a known element (used in the 'ApproveAccountsContainer2' component template):
1. If 'app-scroll-area' is an Angular component, then verify that it is included in the '@Component.imports' of this 
component.
2. If 'app-scroll-area' is a Web Component then add 'CUSTOM_ELEMENTS_SCHEMA' to the '@Component.schemas' of this 
component to suppress this message.
NG0303: Can't bind to 'width' since it isn't a known property of 'app-basic-card' (used in the 
'ApproveAccountsContainer2' component template).
1. If 'app-basic-card' is an Angular component and it has the 'width' input, then verify that it is included in the 
'@Component.imports' of this component.
2. If 'app-basic-card' is a Web Component then add 'CUSTOM_ELEMENTS_SCHEMA' to the '@Component.schemas' of this 
component to suppress this message.
3. To allow any property add 'NO_ERRORS_SCHEMA' to the '@Component.schemas' of this component.
NG0303: Can't bind to 'minWidth' since it isn't a known property of 'app-basic-card' (used in the 
'ApproveAccountsContainer2' component template).
1. If 'app-basic-card' is an Angular component and it has the 'minWidth' input, then verify that it is included in the 
'@Component.imports' of this component.
2. If 'app-basic-card' is a Web Component then add 'CUSTOM_ELEMENTS_SCHEMA' to the '@Component.schemas' of this 
component to suppress this message.
3. To allow any property add 'NO_ERRORS_SCHEMA' to the '@Component.schemas' of this component.
NG0303: Can't bind to 'height' since it isn't a known property of 'app-basic-card' (used in the 
'ApproveAccountsContainer2' component template).
1. If 'app-basic-card' is an Angular component and it has the 'height' input, then verify that it is included in the 
'@Component.imports' of this component.
2. If 'app-basic-card' is a Web Component then add 'CUSTOM_ELEMENTS_SCHEMA' to the '@Component.schemas' of this 
component to suppress this message.
3. To allow any property add 'NO_ERRORS_SCHEMA' to the '@Component.schemas' of this component.
NG0303: Can't bind to 'subtitle' since it isn't a known property of 'app-basic-card' (used in the 
'ApproveAccountsContainer2' component template).
1. If 'app-basic-card' is an Angular component and it has the 'subtitle' input, then verify that it is included in the 
'@Component.imports' of this component.
2. If 'app-basic-card' is a Web Component then add 'CUSTOM_ELEMENTS_SCHEMA' to the '@Component.schemas' of this 
component to suppress this message.
3. To allow any property add 'NO_ERRORS_SCHEMA' to the '@Component.schemas' of this component.
NG0303: Can't bind to 'hideBorder' since it isn't a known property of 'app-scroll-area' (used in the 
'ApproveAccountsContainer2' component template).
1. If 'app-scroll-area' is an Angular component and it has the 'hideBorder' input, then verify that it is included in 
the '@Component.imports' of this component.
2. If 'app-scroll-area' is a Web Component then add 'CUSTOM_ELEMENTS_SCHEMA' to the '@Component.schemas' of this 
component to suppress this message.
3. To allow any property add 'NO_ERRORS_SCHEMA' to the '@Component.schemas' of this component.
NG0303: Can't bind to 'height' since it isn't a known property of 'app-scroll-area' (used in the 
'ApproveAccountsContainer2' component template).
1. If 'app-scroll-area' is an Angular component and it has the 'height' input, then verify that it is included in the 
'@Component.imports' of this component.
2. If 'app-scroll-area' is a Web Component then add 'CUSTOM_ELEMENTS_SCHEMA' to the '@Component.schemas' of this 
component to suppress this message.
3. To allow any property add 'NO_ERRORS_SCHEMA' to the '@Component.schemas' of this component.
NG0304: 'app-error-states' is not a known element (used in the 'ApproveAccountsContainer2' component template):
1. If 'app-error-states' is an Angular component, then verify that it is included in the '@Component.imports' of this 
component.
2. If 'app-error-states' is a Web Component then add 'CUSTOM_ELEMENTS_SCHEMA' to the '@Component.schemas' of this 
component to suppress this message.

stderr | src/app/features/bank/settings/components/approve-accounts/container/approve-accounts-container.spec.ts > 
ApproveAccountsContainer > should call loadPendingAccounts on retry
NG0304: 'app-basic-card' is not a known element (used in the 'ApproveAccountsContainer2' component template):
1. If 'app-basic-card' is an Angular component, then verify that it is included in the '@Component.imports' of this 
component.
2. If 'app-basic-card' is a Web Component then add 'CUSTOM_ELEMENTS_SCHEMA' to the '@Component.schemas' of this 
component to suppress this message.
NG0304: 'app-scroll-area' is not a known element (used in the 'ApproveAccountsContainer2' component template):
1. If 'app-scroll-area' is an Angular component, then verify that it is included in the '@Component.imports' of this 
component.
2. If 'app-scroll-area' is a Web Component then add 'CUSTOM_ELEMENTS_SCHEMA' to the '@Component.schemas' of this 
component to suppress this message.
NG0303: Can't bind to 'width' since it isn't a known property of 'app-basic-card' (used in the 
'ApproveAccountsContainer2' component template).
1. If 'app-basic-card' is an Angular component and it has the 'width' input, then verify that it is included in the 
'@Component.imports' of this component.
2. If 'app-basic-card' is a Web Component then add 'CUSTOM_ELEMENTS_SCHEMA' to the '@Component.schemas' of this 
component to suppress this message.
3. To allow any property add 'NO_ERRORS_SCHEMA' to the '@Component.schemas' of this component.
NG0303: Can't bind to 'minWidth' since it isn't a known property of 'app-basic-card' (used in the 
'ApproveAccountsContainer2' component template).
1. If 'app-basic-card' is an Angular component and it has the 'minWidth' input, then verify that it is included in the 
'@Component.imports' of this component.
2. If 'app-basic-card' is a Web Component then add 'CUSTOM_ELEMENTS_SCHEMA' to the '@Component.schemas' of this 
component to suppress this message.
3. To allow any property add 'NO_ERRORS_SCHEMA' to the '@Component.schemas' of this component.
NG0303: Can't bind to 'height' since it isn't a known property of 'app-basic-card' (used in the 
'ApproveAccountsContainer2' component template).
1. If 'app-basic-card' is an Angular component and it has the 'height' input, then verify that it is included in the 
'@Component.imports' of this component.
2. If 'app-basic-card' is a Web Component then add 'CUSTOM_ELEMENTS_SCHEMA' to the '@Component.schemas' of this 
component to suppress this message.
3. To allow any property add 'NO_ERRORS_SCHEMA' to the '@Component.schemas' of this component.
NG0303: Can't bind to 'subtitle' since it isn't a known property of 'app-basic-card' (used in the 
'ApproveAccountsContainer2' component template).
1. If 'app-basic-card' is an Angular component and it has the 'subtitle' input, then verify that it is included in the 
'@Component.imports' of this component.
2. If 'app-basic-card' is a Web Component then add 'CUSTOM_ELEMENTS_SCHEMA' to the '@Component.schemas' of this 
component to suppress this message.
3. To allow any property add 'NO_ERRORS_SCHEMA' to the '@Component.schemas' of this component.
NG0303: Can't bind to 'hideBorder' since it isn't a known property of 'app-scroll-area' (used in the 
'ApproveAccountsContainer2' component template).
1. If 'app-scroll-area' is an Angular component and it has the 'hideBorder' input, then verify that it is included in 
the '@Component.imports' of this component.
2. If 'app-scroll-area' is a Web Component then add 'CUSTOM_ELEMENTS_SCHEMA' to the '@Component.schemas' of this 
component to suppress this message.
3. To allow any property add 'NO_ERRORS_SCHEMA' to the '@Component.schemas' of this component.
NG0303: Can't bind to 'height' since it isn't a known property of 'app-scroll-area' (used in the 
'ApproveAccountsContainer2' component template).
1. If 'app-scroll-area' is an Angular component and it has the 'height' input, then verify that it is included in the 
'@Component.imports' of this component.
2. If 'app-scroll-area' is a Web Component then add 'CUSTOM_ELEMENTS_SCHEMA' to the '@Component.schemas' of this 
component to suppress this message.
3. To allow any property add 'NO_ERRORS_SCHEMA' to the '@Component.schemas' of this component.
NG0304: 'app-error-states' is not a known element (used in the 'ApproveAccountsContainer2' component template):
1. If 'app-error-states' is an Angular component, then verify that it is included in the '@Component.imports' of this 
component.
2. If 'app-error-states' is a Web Component then add 'CUSTOM_ELEMENTS_SCHEMA' to the '@Component.schemas' of this 
component to suppress this message.

stderr | src/app/features/bank/settings/components/approve-accounts/container/approve-accounts-container.spec.ts > 
ApproveAccountsContainer > should reset state on cancel changes
NG0304: 'app-basic-card' is not a known element (used in the 'ApproveAccountsContainer2' component template):
1. If 'app-basic-card' is an Angular component, then verify that it is included in the '@Component.imports' of this 
component.
2. If 'app-basic-card' is a Web Component then add 'CUSTOM_ELEMENTS_SCHEMA' to the '@Component.schemas' of this 
component to suppress this message.
NG0304: 'app-scroll-area' is not a known element (used in the 'ApproveAccountsContainer2' component template):
1. If 'app-scroll-area' is an Angular component, then verify that it is included in the '@Component.imports' of this 
component.
2. If 'app-scroll-area' is a Web Component then add 'CUSTOM_ELEMENTS_SCHEMA' to the '@Component.schemas' of this 
component to suppress this message.
NG0303: Can't bind to 'width' since it isn't a known property of 'app-basic-card' (used in the 
'ApproveAccountsContainer2' component template).
1. If 'app-basic-card' is an Angular component and it has the 'width' input, then verify that it is included in the 
'@Component.imports' of this component.
2. If 'app-basic-card' is a Web Component then add 'CUSTOM_ELEMENTS_SCHEMA' to the '@Component.schemas' of this 
component to suppress this message.
3. To allow any property add 'NO_ERRORS_SCHEMA' to the '@Component.schemas' of this component.
NG0303: Can't bind to 'minWidth' since it isn't a known property of 'app-basic-card' (used in the 
'ApproveAccountsContainer2' component template).
1. If 'app-basic-card' is an Angular component and it has the 'minWidth' input, then verify that it is included in the 
'@Component.imports' of this component.
2. If 'app-basic-card' is a Web Component then add 'CUSTOM_ELEMENTS_SCHEMA' to the '@Component.schemas' of this 
component to suppress this message.
3. To allow any property add 'NO_ERRORS_SCHEMA' to the '@Component.schemas' of this component.
NG0303: Can't bind to 'height' since it isn't a known property of 'app-basic-card' (used in the 
'ApproveAccountsContainer2' component template).
1. If 'app-basic-card' is an Angular component and it has the 'height' input, then verify that it is included in the 
'@Component.imports' of this component.
2. If 'app-basic-card' is a Web Component then add 'CUSTOM_ELEMENTS_SCHEMA' to the '@Component.schemas' of this 
component to suppress this message.
3. To allow any property add 'NO_ERRORS_SCHEMA' to the '@Component.schemas' of this component.
NG0303: Can't bind to 'subtitle' since it isn't a known property of 'app-basic-card' (used in the 
'ApproveAccountsContainer2' component template).
1. If 'app-basic-card' is an Angular component and it has the 'subtitle' input, then verify that it is included in the 
'@Component.imports' of this component.
2. If 'app-basic-card' is a Web Component then add 'CUSTOM_ELEMENTS_SCHEMA' to the '@Component.schemas' of this 
component to suppress this message.
3. To allow any property add 'NO_ERRORS_SCHEMA' to the '@Component.schemas' of this component.
NG0303: Can't bind to 'hideBorder' since it isn't a known property of 'app-scroll-area' (used in the 
'ApproveAccountsContainer2' component template).
1. If 'app-scroll-area' is an Angular component and it has the 'hideBorder' input, then verify that it is included in 
the '@Component.imports' of this component.
2. If 'app-scroll-area' is a Web Component then add 'CUSTOM_ELEMENTS_SCHEMA' to the '@Component.schemas' of this 
component to suppress this message.
3. To allow any property add 'NO_ERRORS_SCHEMA' to the '@Component.schemas' of this component.
NG0303: Can't bind to 'height' since it isn't a known property of 'app-scroll-area' (used in the 
'ApproveAccountsContainer2' component template).
1. If 'app-scroll-area' is an Angular component and it has the 'height' input, then verify that it is included in the 
'@Component.imports' of this component.
2. If 'app-scroll-area' is a Web Component then add 'CUSTOM_ELEMENTS_SCHEMA' to the '@Component.schemas' of this 
component to suppress this message.
3. To allow any property add 'NO_ERRORS_SCHEMA' to the '@Component.schemas' of this component.
NG0304: 'app-error-states' is not a known element (used in the 'ApproveAccountsContainer2' component template):
1. If 'app-error-states' is an Angular component, then verify that it is included in the '@Component.imports' of this 
component.
2. If 'app-error-states' is a Web Component then add 'CUSTOM_ELEMENTS_SCHEMA' to the '@Component.schemas' of this 
component to suppress this message.

stderr | src/app/features/bank/settings/components/approve-accounts/container/approve-accounts-container.spec.ts > 
ApproveAccountsContainer > should trigger confirmation modal when switching accounts with unsaved changes
NG0304: 'app-basic-card' is not a known element (used in the 'ApproveAccountsContainer2' component template):
1. If 'app-basic-card' is an Angular component, then verify that it is included in the '@Component.imports' of this 
component.
2. If 'app-basic-card' is a Web Component then add 'CUSTOM_ELEMENTS_SCHEMA' to the '@Component.schemas' of this 
component to suppress this message.
NG0304: 'app-scroll-area' is not a known element (used in the 'ApproveAccountsContainer2' component template):
1. If 'app-scroll-area' is an Angular component, then verify that it is included in the '@Component.imports' of this 
component.
2. If 'app-scroll-area' is a Web Component then add 'CUSTOM_ELEMENTS_SCHEMA' to the '@Component.schemas' of this 
component to suppress this message.
NG0303: Can't bind to 'width' since it isn't a known property of 'app-basic-card' (used in the 
'ApproveAccountsContainer2' component template).
1. If 'app-basic-card' is an Angular component and it has the 'width' input, then verify that it is included in the 
'@Component.imports' of this component.
2. If 'app-basic-card' is a Web Component then add 'CUSTOM_ELEMENTS_SCHEMA' to the '@Component.schemas' of this 
component to suppress this message.
3. To allow any property add 'NO_ERRORS_SCHEMA' to the '@Component.schemas' of this component.
NG0303: Can't bind to 'minWidth' since it isn't a known property of 'app-basic-card' (used in the 
'ApproveAccountsContainer2' component template).
1. If 'app-basic-card' is an Angular component and it has the 'minWidth' input, then verify that it is included in the 
'@Component.imports' of this component.
2. If 'app-basic-card' is a Web Component then add 'CUSTOM_ELEMENTS_SCHEMA' to the '@Component.schemas' of this 
component to suppress this message.
3. To allow any property add 'NO_ERRORS_SCHEMA' to the '@Component.schemas' of this component.
NG0303: Can't bind to 'height' since it isn't a known property of 'app-basic-card' (used in the 
'ApproveAccountsContainer2' component template).
1. If 'app-basic-card' is an Angular component and it has the 'height' input, then verify that it is included in the 
'@Component.imports' of this component.
2. If 'app-basic-card' is a Web Component then add 'CUSTOM_ELEMENTS_SCHEMA' to the '@Component.schemas' of this 
component to suppress this message.
3. To allow any property add 'NO_ERRORS_SCHEMA' to the '@Component.schemas' of this component.
NG0303: Can't bind to 'subtitle' since it isn't a known property of 'app-basic-card' (used in the 
'ApproveAccountsContainer2' component template).
1. If 'app-basic-card' is an Angular component and it has the 'subtitle' input, then verify that it is included in the 
'@Component.imports' of this component.
2. If 'app-basic-card' is a Web Component then add 'CUSTOM_ELEMENTS_SCHEMA' to the '@Component.schemas' of this 
component to suppress this message.
3. To allow any property add 'NO_ERRORS_SCHEMA' to the '@Component.schemas' of this component.
NG0303: Can't bind to 'hideBorder' since it isn't a known property of 'app-scroll-area' (used in the 
'ApproveAccountsContainer2' component template).
1. If 'app-scroll-area' is an Angular component and it has the 'hideBorder' input, then verify that it is included in 
the '@Component.imports' of this component.
2. If 'app-scroll-area' is a Web Component then add 'CUSTOM_ELEMENTS_SCHEMA' to the '@Component.schemas' of this 
component to suppress this message.
3. To allow any property add 'NO_ERRORS_SCHEMA' to the '@Component.schemas' of this component.
NG0303: Can't bind to 'height' since it isn't a known property of 'app-scroll-area' (used in the 
'ApproveAccountsContainer2' component template).
1. If 'app-scroll-area' is an Angular component and it has the 'height' input, then verify that it is included in the 
'@Component.imports' of this component.
2. If 'app-scroll-area' is a Web Component then add 'CUSTOM_ELEMENTS_SCHEMA' to the '@Component.schemas' of this 
component to suppress this message.
3. To allow any property add 'NO_ERRORS_SCHEMA' to the '@Component.schemas' of this component.
NG0304: 'app-error-states' is not a known element (used in the 'ApproveAccountsContainer2' component template):
1. If 'app-error-states' is an Angular component, then verify that it is included in the '@Component.imports' of this 
component.
2. If 'app-error-states' is a Web Component then add 'CUSTOM_ELEMENTS_SCHEMA' to the '@Component.schemas' of this 
component to suppress this message.

stderr | src/app/features/bank/settings/components/approve-accounts/container/approve-accounts-container.spec.ts > 
ApproveAccountsContainer > should close confirm modal and reset pending ID on confirm cancel
NG0304: 'app-basic-card' is not a known element (used in the 'ApproveAccountsContainer2' component template):
1. If 'app-basic-card' is an Angular component, then verify that it is included in the '@Component.imports' of this 
component.
2. If 'app-basic-card' is a Web Component then add 'CUSTOM_ELEMENTS_SCHEMA' to the '@Component.schemas' of this 
component to suppress this message.
NG0304: 'app-scroll-area' is not a known element (used in the 'ApproveAccountsContainer2' component template):
1. If 'app-scroll-area' is an Angular component, then verify that it is included in the '@Component.imports' of this 
component.
2. If 'app-scroll-area' is a Web Component then add 'CUSTOM_ELEMENTS_SCHEMA' to the '@Component.schemas' of this 
component to suppress this message.
NG0303: Can't bind to 'width' since it isn't a known property of 'app-basic-card' (used in the 
'ApproveAccountsContainer2' component template).
1. If 'app-basic-card' is an Angular component and it has the 'width' input, then verify that it is included in the 
'@Component.imports' of this component.
2. If 'app-basic-card' is a Web Component then add 'CUSTOM_ELEMENTS_SCHEMA' to the '@Component.schemas' of this 
component to suppress this message.
3. To allow any property add 'NO_ERRORS_SCHEMA' to the '@Component.schemas' of this component.
NG0303: Can't bind to 'minWidth' since it isn't a known property of 'app-basic-card' (used in the 
'ApproveAccountsContainer2' component template).
1. If 'app-basic-card' is an Angular component and it has the 'minWidth' input, then verify that it is included in the 
'@Component.imports' of this component.
2. If 'app-basic-card' is a Web Component then add 'CUSTOM_ELEMENTS_SCHEMA' to the '@Component.schemas' of this 
component to suppress this message.
3. To allow any property add 'NO_ERRORS_SCHEMA' to the '@Component.schemas' of this component.
NG0303: Can't bind to 'height' since it isn't a known property of 'app-basic-card' (used in the 
'ApproveAccountsContainer2' component template).
1. If 'app-basic-card' is an Angular component and it has the 'height' input, then verify that it is included in the 
'@Component.imports' of this component.
2. If 'app-basic-card' is a Web Component then add 'CUSTOM_ELEMENTS_SCHEMA' to the '@Component.schemas' of this 
component to suppress this message.
3. To allow any property add 'NO_ERRORS_SCHEMA' to the '@Component.schemas' of this component.
NG0303: Can't bind to 'subtitle' since it isn't a known property of 'app-basic-card' (used in the 
'ApproveAccountsContainer2' component template).
1. If 'app-basic-card' is an Angular component and it has the 'subtitle' input, then verify that it is included in the 
'@Component.imports' of this component.
2. If 'app-basic-card' is a Web Component then add 'CUSTOM_ELEMENTS_SCHEMA' to the '@Component.schemas' of this 
component to suppress this message.
3. To allow any property add 'NO_ERRORS_SCHEMA' to the '@Component.schemas' of this component.
NG0303: Can't bind to 'hideBorder' since it isn't a known property of 'app-scroll-area' (used in the 
'ApproveAccountsContainer2' component template).
1. If 'app-scroll-area' is an Angular component and it has the 'hideBorder' input, then verify that it is included in 
the '@Component.imports' of this component.
2. If 'app-scroll-area' is a Web Component then add 'CUSTOM_ELEMENTS_SCHEMA' to the '@Component.schemas' of this 
component to suppress this message.
3. To allow any property add 'NO_ERRORS_SCHEMA' to the '@Component.schemas' of this component.
NG0303: Can't bind to 'height' since it isn't a known property of 'app-scroll-area' (used in the 
'ApproveAccountsContainer2' component template).
1. If 'app-scroll-area' is an Angular component and it has the 'height' input, then verify that it is included in the 
'@Component.imports' of this component.
2. If 'app-scroll-area' is a Web Component then add 'CUSTOM_ELEMENTS_SCHEMA' to the '@Component.schemas' of this 
component to suppress this message.
3. To allow any property add 'NO_ERRORS_SCHEMA' to the '@Component.schemas' of this component.
NG0304: 'app-error-states' is not a known element (used in the 'ApproveAccountsContainer2' component template):
1. If 'app-error-states' is an Angular component, then verify that it is included in the '@Component.imports' of this 
component.
2. If 'app-error-states' is a Web Component then add 'CUSTOM_ELEMENTS_SCHEMA' to the '@Component.schemas' of this 
component to suppress this message.

stderr | src/app/features/bank/settings/components/approve-accounts/container/approve-accounts-container.spec.ts > 
ApproveAccountsContainer > should switch account and reset state on confirm accept
NG0304: 'app-basic-card' is not a known element (used in the 'ApproveAccountsContainer2' component template):
1. If 'app-basic-card' is an Angular component, then verify that it is included in the '@Component.imports' of this 
component.
2. If 'app-basic-card' is a Web Component then add 'CUSTOM_ELEMENTS_SCHEMA' to the '@Component.schemas' of this 
component to suppress this message.
NG0304: 'app-scroll-area' is not a known element (used in the 'ApproveAccountsContainer2' component template):
1. If 'app-scroll-area' is an Angular component, then verify that it is included in the '@Component.imports' of this 
component.
2. If 'app-scroll-area' is a Web Component then add 'CUSTOM_ELEMENTS_SCHEMA' to the '@Component.schemas' of this 
component to suppress this message.
NG0303: Can't bind to 'width' since it isn't a known property of 'app-basic-card' (used in the 
'ApproveAccountsContainer2' component template).
1. If 'app-basic-card' is an Angular component and it has the 'width' input, then verify that it is included in the 
'@Component.imports' of this component.
2. If 'app-basic-card' is a Web Component then add 'CUSTOM_ELEMENTS_SCHEMA' to the '@Component.schemas' of this 
component to suppress this message.
3. To allow any property add 'NO_ERRORS_SCHEMA' to the '@Component.schemas' of this component.
NG0303: Can't bind to 'minWidth' since it isn't a known property of 'app-basic-card' (used in the 
'ApproveAccountsContainer2' component template).
1. If 'app-basic-card' is an Angular component and it has the 'minWidth' input, then verify that it is included in the 
'@Component.imports' of this component.
2. If 'app-basic-card' is a Web Component then add 'CUSTOM_ELEMENTS_SCHEMA' to the '@Component.schemas' of this 
component to suppress this message.
3. To allow any property add 'NO_ERRORS_SCHEMA' to the '@Component.schemas' of this component.
NG0303: Can't bind to 'height' since it isn't a known property of 'app-basic-card' (used in the 
'ApproveAccountsContainer2' component template).
1. If 'app-basic-card' is an Angular component and it has the 'height' input, then verify that it is included in the 
'@Component.imports' of this component.
2. If 'app-basic-card' is a Web Component then add 'CUSTOM_ELEMENTS_SCHEMA' to the '@Component.schemas' of this 
component to suppress this message.
3. To allow any property add 'NO_ERRORS_SCHEMA' to the '@Component.schemas' of this component.
NG0303: Can't bind to 'subtitle' since it isn't a known property of 'app-basic-card' (used in the 
'ApproveAccountsContainer2' component template).
1. If 'app-basic-card' is an Angular component and it has the 'subtitle' input, then verify that it is included in the 
'@Component.imports' of this component.
2. If 'app-basic-card' is a Web Component then add 'CUSTOM_ELEMENTS_SCHEMA' to the '@Component.schemas' of this 
component to suppress this message.
3. To allow any property add 'NO_ERRORS_SCHEMA' to the '@Component.schemas' of this component.
NG0303: Can't bind to 'hideBorder' since it isn't a known property of 'app-scroll-area' (used in the 
'ApproveAccountsContainer2' component template).
1. If 'app-scroll-area' is an Angular component and it has the 'hideBorder' input, then verify that it is included in 
the '@Component.imports' of this component.
2. If 'app-scroll-area' is a Web Component then add 'CUSTOM_ELEMENTS_SCHEMA' to the '@Component.schemas' of this 
component to suppress this message.
3. To allow any property add 'NO_ERRORS_SCHEMA' to the '@Component.schemas' of this component.
NG0303: Can't bind to 'height' since it isn't a known property of 'app-scroll-area' (used in the 
'ApproveAccountsContainer2' component template).
1. If 'app-scroll-area' is an Angular component and it has the 'height' input, then verify that it is included in the 
'@Component.imports' of this component.
2. If 'app-scroll-area' is a Web Component then add 'CUSTOM_ELEMENTS_SCHEMA' to the '@Component.schemas' of this 
component to suppress this message.
3. To allow any property add 'NO_ERRORS_SCHEMA' to the '@Component.schemas' of this component.
NG0304: 'app-error-states' is not a known element (used in the 'ApproveAccountsContainer2' component template):
1. If 'app-error-states' is an Angular component, then verify that it is included in the '@Component.imports' of this 
component.
2. If 'app-error-states' is a Web Component then add 'CUSTOM_ELEMENTS_SCHEMA' to the '@Component.schemas' of this 
component to suppress this message.

 Γ£ô |tia-frontend| src/app/features/bank/settings/components/profile-photo/container/profile-photo-container.spec.ts (30 tests) 1577ms
     Γ£ô should create  313ms
stderr | src/app/features/bank/settings/components/approve-accounts/container/approve-accounts-container.spec.ts > 
ApproveAccountsContainer > should close modal and reset form if account is not saved
NG0304: 'app-basic-card' is not a known element (used in the 'ApproveAccountsContainer2' component template):
1. If 'app-basic-card' is an Angular component, then verify that it is included in the '@Component.imports' of this 
component.
2. If 'app-basic-card' is a Web Component then add 'CUSTOM_ELEMENTS_SCHEMA' to the '@Component.schemas' of this 
component to suppress this message.
NG0304: 'app-scroll-area' is not a known element (used in the 'ApproveAccountsContainer2' component template):
1. If 'app-scroll-area' is an Angular component, then verify that it is included in the '@Component.imports' of this 
component.
2. If 'app-scroll-area' is a Web Component then add 'CUSTOM_ELEMENTS_SCHEMA' to the '@Component.schemas' of this 
component to suppress this message.
NG0303: Can't bind to 'width' since it isn't a known property of 'app-basic-card' (used in the 
'ApproveAccountsContainer2' component template).
1. If 'app-basic-card' is an Angular component and it has the 'width' input, then verify that it is included in the 
'@Component.imports' of this component.
2. If 'app-basic-card' is a Web Component then add 'CUSTOM_ELEMENTS_SCHEMA' to the '@Component.schemas' of this 
component to suppress this message.
3. To allow any property add 'NO_ERRORS_SCHEMA' to the '@Component.schemas' of this component.
NG0303: Can't bind to 'minWidth' since it isn't a known property of 'app-basic-card' (used in the 
'ApproveAccountsContainer2' component template).
1. If 'app-basic-card' is an Angular component and it has the 'minWidth' input, then verify that it is included in the 
'@Component.imports' of this component.
2. If 'app-basic-card' is a Web Component then add 'CUSTOM_ELEMENTS_SCHEMA' to the '@Component.schemas' of this 
component to suppress this message.
3. To allow any property add 'NO_ERRORS_SCHEMA' to the '@Component.schemas' of this component.
NG0303: Can't bind to 'height' since it isn't a known property of 'app-basic-card' (used in the 
'ApproveAccountsContainer2' component template).
1. If 'app-basic-card' is an Angular component and it has the 'height' input, then verify that it is included in the 
'@Component.imports' of this component.
2. If 'app-basic-card' is a Web Component then add 'CUSTOM_ELEMENTS_SCHEMA' to the '@Component.schemas' of this 
component to suppress this message.
3. To allow any property add 'NO_ERRORS_SCHEMA' to the '@Component.schemas' of this component.
NG0303: Can't bind to 'subtitle' since it isn't a known property of 'app-basic-card' (used in the 
'ApproveAccountsContainer2' component template).
1. If 'app-basic-card' is an Angular component and it has the 'subtitle' input, then verify that it is included in the 
'@Component.imports' of this component.
2. If 'app-basic-card' is a Web Component then add 'CUSTOM_ELEMENTS_SCHEMA' to the '@Component.schemas' of this 
component to suppress this message.
3. To allow any property add 'NO_ERRORS_SCHEMA' to the '@Component.schemas' of this component.
NG0303: Can't bind to 'hideBorder' since it isn't a known property of 'app-scroll-area' (used in the 
'ApproveAccountsContainer2' component template).
1. If 'app-scroll-area' is an Angular component and it has the 'hideBorder' input, then verify that it is included in 
the '@Component.imports' of this component.
2. If 'app-scroll-area' is a Web Component then add 'CUSTOM_ELEMENTS_SCHEMA' to the '@Component.schemas' of this 
component to suppress this message.
3. To allow any property add 'NO_ERRORS_SCHEMA' to the '@Component.schemas' of this component.
NG0303: Can't bind to 'height' since it isn't a known property of 'app-scroll-area' (used in the 
'ApproveAccountsContainer2' component template).
1. If 'app-scroll-area' is an Angular component and it has the 'height' input, then verify that it is included in the 
'@Component.imports' of this component.
2. If 'app-scroll-area' is a Web Component then add 'CUSTOM_ELEMENTS_SCHEMA' to the '@Component.schemas' of this 
component to suppress this message.
3. To allow any property add 'NO_ERRORS_SCHEMA' to the '@Component.schemas' of this component.
NG0304: 'app-error-states' is not a known element (used in the 'ApproveAccountsContainer2' component template):
1. If 'app-error-states' is an Angular component, then verify that it is included in the '@Component.imports' of this 
component.
2. If 'app-error-states' is a Web Component then add 'CUSTOM_ELEMENTS_SCHEMA' to the '@Component.schemas' of this 
component to suppress this message.

 Γ£ô |tia-frontend| src/app/features/bank/settings/components/approve-accounts/container/approve-accounts-container.spec.ts (13 tests) 564ms
 Γ£ô |tia-frontend| src/app/features/bank/loans/shared/ui/prepayment/prepayment-container/prepayment-container.spec.ts (8 tests) 683ms
     Γ£ô should create and clear result on init  310ms
 Γ£ô |tia-frontend| src/app/features/bank/paybill/components/paybill-templates/components/paybill-templates.spec.ts (8 tests) 899ms
       Γ£ô should emit headerButtonAction when header button is clicked  522ms
 Γ£ô |tia-frontend| src/app/features/bank/products/components/accounts/components/accounts-list/accounts-list.spec.ts (9 tests) 620ms
     Γ£ô should create and emit events  360ms
stderr | src/app/features/storybook/components/overlay/overlay.spec.ts > Overlay > should render at least two showcase 
cards for dialogs
The 'allowSignalWrites' flag is deprecated and no longer impacts effect() (writes are always allowed)

stderr | src/app/features/storybook/components/overlay/overlay.spec.ts > Overlay > should update signals when language 
changes
The 'allowSignalWrites' flag is deprecated and no longer impacts effect() (writes are always allowed)

 Γ£ô |tia-frontend| src/app/features/storybook/components/overlay/overlay.spec.ts (2 tests) 540ms
     Γ£ô should render at least two showcase cards for dialogs  458ms
 Γ£ô |tia-frontend| src/app/features/bank/paybill/components/paybill-templates/container/paybill-templates-container.spec.ts (28 tests) 1113ms
     Γ£ô should toggle selectAll  442ms
 Γ£ô |tia-frontend| src/app/features/bank/transactions/container/transactions-container.spec.ts (8 tests) 893ms
     Γ£ô should create  643ms
 Γ£ô |tia-frontend| src/app/features/bank/messaging/components/compose/compose.spec.ts (13 tests) 575ms
 Γ£ô |tia-frontend| src/app/features/bank/products/components/accounts/container/accounts.spec.ts (4 tests) 339ms
 Γ£ô |tia-frontend| src/app/shared/lib/tables/components/tables.spec.ts (10 tests) 328ms
 Γ£ô |tia-frontend| src/app/features/bank/loans/store/loans.store.spec.ts (26 tests) 3551ms
     Γ£ô should auto-hide alert  3115ms
 Γ£ô |tia-frontend| src/app/features/bank/paybill/components/paybill-main/components/paybill-form/components/paybill-form-items/paybill-form.spec.ts (9 tests) 314ms
 Γ£ô |tia-frontend| src/app/features/bank/products/components/cards/components/card-details-modal/container/card-details-modal/card-details-modal.spec.ts (7 tests) 322ms
 Γ£ô |tia-frontend| src/app/features/bank/paybill/components/paybill-main/components/paybill-otp-verification/components/paybill-otp-verification/paybill-otp-verification.spec.ts (8 tests) 408ms
 Γ£ô |tia-frontend| src/app/features/bank/messaging/components/sent-draft-detail/sent-draft-detail.spec.ts (10 tests) 376ms
stderr | src/app/features/storybook/components/data-display/data-display.spec.ts > DataDisplay > ngOnInit should 
update all signals when language changes
NG0955: The provided track expression resulted in duplicated keys for a given collection. Adjust the tracking 
expression such that it uniquely identifies all the items in the collection. Duplicated keys were: 
key "SS" at index "0" and "1", 
key "SS" at index "1" and "2", 
key "SS" at index "2" and "3". Find more at https://v21.angular.dev/errors/NG0955

 Γ£ô |tia-frontend| src/app/features/storybook/components/data-display/data-display.spec.ts (5 tests) 487ms
 Γ£ô |tia-frontend| src/app/features/bank/products/components/cards/components/card-list/container/card-list.spec.ts (12 tests) 468ms
stdout | src/app/shared/lib/drag-n-drop/components/tree-container/tree-container.spec.ts > TreeContainer > should handle checkbox selection logic
isItemChecked: i1 true

 Γ£ô |tia-frontend| src/app/shared/lib/drag-n-drop/components/tree-container/tree-container.spec.ts (8 tests) 532ms
 Γ£ô |tia-frontend| src/app/core/auth/components/forgot-password/forgot-password-verify/forgot-password-verify.spec.ts (5 tests) 360ms
 Γ£ô |tia-frontend| src/app/features/storybook/components/badges/badge-component.spec.ts (8 tests) 830ms
 Γ£ô |tia-frontend| src/app/features/bank/transfers/components/transfers-external/components/external-accounts/external-accounts.spec.ts (13 tests) 472ms
 Γ£ô |tia-frontend| src/app/features/bank/settings/components/accounts/container/accounts-container.spec.ts (5 tests) 513ms
     Γ£ô should create  307ms
stderr | OutputEmitterRef.emit 
(file:\C:\Users\User\Desktop\TBC%20Academy\tia-frontend\node_modules\@angular\core\fesm2022\_resource-chunk.mjs:40:15)
NG0953: Unexpected emit for destroyed `OutputRef`. The owning directive/component is destroyed.

stderr | OutputEmitterRef.emit 
(file:\C:\Users\User\Desktop\TBC%20Academy\tia-frontend\node_modules\@angular\core\fesm2022\_resource-chunk.mjs:40:15)
NG0953: Unexpected emit for destroyed `OutputRef`. The owning directive/component is destroyed.

stderr | OutputEmitterRef.emit 
(file:\C:\Users\User\Desktop\TBC%20Academy\tia-frontend\node_modules\@angular\core\fesm2022\_resource-chunk.mjs:40:15)
NG0953: Unexpected emit for destroyed `OutputRef`. The owning directive/component is destroyed.

stderr | OutputEmitterRef.emit 
(file:\C:\Users\User\Desktop\TBC%20Academy\tia-frontend\node_modules\@angular\core\fesm2022\_resource-chunk.mjs:40:15)
NG0953: Unexpected emit for destroyed `OutputRef`. The owning directive/component is destroyed.

stderr | OutputEmitterRef.emit 
(file:\C:\Users\User\Desktop\TBC%20Academy\tia-frontend\node_modules\@angular\core\fesm2022\_resource-chunk.mjs:40:15)
NG0953: Unexpected emit for destroyed `OutputRef`. The owning directive/component is destroyed.

 Γ£ô |tia-frontend| src/app/features/bank/products/components/accounts/components/account-card/components/account-card-view/account-card-view.spec.ts (9 tests) 456ms
 Γ£ô |tia-frontend| src/app/features/bank/settings/components/approve-cards/components/approve-cards.spec.ts (14 tests) 612ms
     Γ£ô should initialize and load only basic store data on init  334ms
stderr | OutputEmitterRef.emit 
(file:\C:\Users\User\Desktop\TBC%20Academy\tia-frontend\node_modules\@angular\core\fesm2022\_resource-chunk.mjs:40:15)
NG0953: Unexpected emit for destroyed `OutputRef`. The owning directive/component is destroyed.

stderr | OutputEmitterRef.emit 
(file:\C:\Users\User\Desktop\TBC%20Academy\tia-frontend\node_modules\@angular\core\fesm2022\_resource-chunk.mjs:40:15)
NG0953: Unexpected emit for destroyed `OutputRef`. The owning directive/component is destroyed.

stderr | OutputEmitterRef.emit 
(file:\C:\Users\User\Desktop\TBC%20Academy\tia-frontend\node_modules\@angular\core\fesm2022\_resource-chunk.mjs:40:15)
NG0953: Unexpected emit for destroyed `OutputRef`. The owning directive/component is destroyed.

stderr | OutputEmitterRef.emit 
(file:\C:\Users\User\Desktop\TBC%20Academy\tia-frontend\node_modules\@angular\core\fesm2022\_resource-chunk.mjs:40:15)
NG0953: Unexpected emit for destroyed `OutputRef`. The owning directive/component is destroyed.

stderr | OutputEmitterRef.emit 
(file:\C:\Users\User\Desktop\TBC%20Academy\tia-frontend\node_modules\@angular\core\fesm2022\_resource-chunk.mjs:40:15)
NG0953: Unexpected emit for destroyed `OutputRef`. The owning directive/component is destroyed.

stderr | OutputEmitterRef.emit 
(file:\C:\Users\User\Desktop\TBC%20Academy\tia-frontend\node_modules\@angular\core\fesm2022\_resource-chunk.mjs:40:15)
NG0953: Unexpected emit for destroyed `OutputRef`. The owning directive/component is destroyed.

stderr | OutputEmitterRef.emit 
(file:\C:\Users\User\Desktop\TBC%20Academy\tia-frontend\node_modules\@angular\core\fesm2022\_resource-chunk.mjs:40:15)
NG0953: Unexpected emit for destroyed `OutputRef`. The owning directive/component is destroyed.

stderr | OutputEmitterRef.emit 
(file:\C:\Users\User\Desktop\TBC%20Academy\tia-frontend\node_modules\@angular\core\fesm2022\_resource-chunk.mjs:40:15)
NG0953: Unexpected emit for destroyed `OutputRef`. The owning directive/component is destroyed.

stderr | OutputEmitterRef.emit 
(file:\C:\Users\User\Desktop\TBC%20Academy\tia-frontend\node_modules\@angular\core\fesm2022\_resource-chunk.mjs:40:15)
NG0953: Unexpected emit for destroyed `OutputRef`. The owning directive/component is destroyed.

stderr | OutputEmitterRef.emit 
(file:\C:\Users\User\Desktop\TBC%20Academy\tia-frontend\node_modules\@angular\core\fesm2022\_resource-chunk.mjs:40:15)
NG0953: Unexpected emit for destroyed `OutputRef`. The owning directive/component is destroyed.

stderr | OutputEmitterRef.emit 
(file:\C:\Users\User\Desktop\TBC%20Academy\tia-frontend\node_modules\@angular\core\fesm2022\_resource-chunk.mjs:40:15)
NG0953: Unexpected emit for destroyed `OutputRef`. The owning directive/component is destroyed.

stderr | OutputEmitterRef.emit 
(file:\C:\Users\User\Desktop\TBC%20Academy\tia-frontend\node_modules\@angular\core\fesm2022\_resource-chunk.mjs:40:15)
NG0953: Unexpected emit for destroyed `OutputRef`. The owning directive/component is destroyed.

stderr | OutputEmitterRef.emit 
(file:\C:\Users\User\Desktop\TBC%20Academy\tia-frontend\node_modules\@angular\core\fesm2022\_resource-chunk.mjs:40:15)
NG0953: Unexpected emit for destroyed `OutputRef`. The owning directive/component is destroyed.

stderr | OutputEmitterRef.emit 
(file:\C:\Users\User\Desktop\TBC%20Academy\tia-frontend\node_modules\@angular\core\fesm2022\_resource-chunk.mjs:40:15)
NG0953: Unexpected emit for destroyed `OutputRef`. The owning directive/component is destroyed.

 Γ£ô |tia-frontend| src/app/features/storybook/components/forms/forms.spec.ts (1 test) 422ms
     Γ£ô should create  421ms
 Γ£ô |tia-frontend| src/app/features/bank/transactions/components/transactions-filters/transactions-filters.spec.ts (4 tests) 389ms
 Γ£ô |tia-frontend| src/app/features/bank/messaging/components/important/important.spec.ts (7 tests) 387ms
stderr | OutputEmitterRef.emit 
(file:\C:\Users\User\Desktop\TBC%20Academy\tia-frontend\node_modules\@angular\core\fesm2022\_resource-chunk.mjs:40:15)
NG0953: Unexpected emit for destroyed `OutputRef`. The owning directive/component is destroyed.

stderr | OutputEmitterRef.emit 
(file:\C:\Users\User\Desktop\TBC%20Academy\tia-frontend\node_modules\@angular\core\fesm2022\_resource-chunk.mjs:40:15)
NG0953: Unexpected emit for destroyed `OutputRef`. The owning directive/component is destroyed.

 Γ£ô |tia-frontend| src/app/core/auth/shared/otp-verification/otp-verification.spec.ts (9 tests) 468ms
 Γ£ô |tia-frontend| src/app/core/auth/components/login/verify-signin/verify-signin.spec.ts (5 tests) 445ms
 Γ£ô |tia-frontend| src/app/features/storybook/components/forms/registration-form/registration-form.spec.ts (6 tests) 465ms
stderr | src/app/features/bank/messaging/components/inbox/inbox.spec.ts
NG0953: Unexpected emit for destroyed `OutputRef`. The owning directive/component is destroyed.

 Γ£ô |tia-frontend| src/app/features/bank/messaging/components/inbox/inbox.spec.ts (8 tests) 514ms
 Γ£ô |tia-frontend| src/app/features/bank/loans/container/loans-container.spec.ts (2 tests) 570ms
     Γ£ô should create  512ms
 Γ£ô |tia-frontend| src/app/features/storybook/components/alerts/container/alerts.spec.ts (4 tests) 407ms
 Γ£ô |tia-frontend| src/app/features/bank/products/components/cards/components/create-card-modal/container/createCard.spec.ts (6 tests) 500ms
     Γ£ô should update design and form on onDesignSelected  325ms
 Γ£ô |tia-frontend| src/app/features/bank/products/components/cards/components/card-details-modal/components/card-details-modal-content/card-details-modal-content.spec.ts (6 tests) 358ms
 Γ£ô |tia-frontend| src/app/features/storybook/components/input/input.spec.ts (1 test) 340ms
     Γ£ô should create  338ms
 Γ£ô |tia-frontend| src/app/features/bank/messaging/components/inbox-detail/inbox-detail.spec.ts (5 tests) 313ms
 Γ£ô |tia-frontend| src/app/features/bank/settings/components/language/components/language-switcher/language-switcher.spec.ts (6 tests) 214ms
 Γ£ô |tia-frontend| src/app/features/bank/settings/components/user-management/shared/ui/user-edit-modal/user-edit-modal.spec.ts (5 tests) 341ms
 Γ£ô |tia-frontend| src/app/features/bank/finances/integration/filter-flow.int.spec.ts (5 tests) 403ms
     Γ£ô should activate month filter and load data  307ms
 Γ£ô |tia-frontend| src/app/features/bank/loans/shared/ui/request-modal/request-modal.spec.ts (3 tests) 400ms
 Γ£ô |tia-frontend| src/app/features/bank/finances/container/finances-container.spec.ts (6 tests) 408ms
 Γ£ô |tia-frontend| src/app/layout/ui/sidebar/container/sidebar.spec.ts (4 tests) 378ms
 Γ£ô |tia-frontend| src/app/features/bank/products/components/cards/components/otp-modal/components/card-otp-modal-content/card-otp-modal-content.spec.ts (7 tests) 440ms
 Γ£ô |tia-frontend| src/app/features/storybook/components/feedback/feedback.spec.ts (5 tests) 521ms
 Γ£ô |tia-frontend| src/app/features/bank/messaging/components/sent/sent.spec.ts (4 tests) 358ms
stderr | OutputEmitterRef.emit 
(file:\C:\Users\User\Desktop\TBC%20Academy\tia-frontend\node_modules\@angular\core\fesm2022\_resource-chunk.mjs:40:15)
NG0953: Unexpected emit for destroyed `OutputRef`. The owning directive/component is destroyed.

stderr | OutputEmitterRef.emit 
(file:\C:\Users\User\Desktop\TBC%20Academy\tia-frontend\node_modules\@angular\core\fesm2022\_resource-chunk.mjs:40:15)
NG0953: Unexpected emit for destroyed `OutputRef`. The owning directive/component is destroyed.

stderr | OutputEmitterRef.emit 
(file:\C:\Users\User\Desktop\TBC%20Academy\tia-frontend\node_modules\@angular\core\fesm2022\_resource-chunk.mjs:40:15)
NG0953: Unexpected emit for destroyed `OutputRef`. The owning directive/component is destroyed.

stderr | OutputEmitterRef.emit 
(file:\C:\Users\User\Desktop\TBC%20Academy\tia-frontend\node_modules\@angular\core\fesm2022\_resource-chunk.mjs:40:15)
NG0953: Unexpected emit for destroyed `OutputRef`. The owning directive/component is destroyed.

 Γ£ô |tia-frontend| src/app/layout/ui/bank-header/components/header-notifications/container/notifications-container.spec.ts (9 tests) 377ms
stderr | src/app/features/storybook/components/layout/container/layout.spec.ts
NG0953: Unexpected emit for destroyed `OutputRef`. The owning directive/component is destroyed.

stderr | src/app/features/storybook/components/layout/container/layout.spec.ts
NG0953: Unexpected emit for destroyed `OutputRef`. The owning directive/component is destroyed.

 Γ£ô |tia-frontend| src/app/features/storybook/components/layout/container/layout.spec.ts (1 test) 396ms
     Γ£ô should create  393ms
 Γ£ô |tia-frontend| src/app/features/bank/messaging/components/favorites/favorites.spec.ts (7 tests) 559ms
     Γ£ô should create the Favorites component  334ms
stderr | OutputEmitterRef.emit 
(file:\C:\Users\User\Desktop\TBC%20Academy\tia-frontend\node_modules\@angular\core\fesm2022\_resource-chunk.mjs:40:15)
NG0953: Unexpected emit for destroyed `OutputRef`. The owning directive/component is destroyed.

stderr | OutputEmitterRef.emit 
(file:\C:\Users\User\Desktop\TBC%20Academy\tia-frontend\node_modules\@angular\core\fesm2022\_resource-chunk.mjs:40:15)
NG0953: Unexpected emit for destroyed `OutputRef`. The owning directive/component is destroyed.

 Γ£ô |tia-frontend| src/app/features/storybook/components/overlay/components/top-sheet-modal/top-sheet-modal.spec.ts (3 tests) 186ms
 Γ£ô |tia-frontend| src/app/features/storybook/components/forms/validation-form/validation-form.spec.ts (4 tests) 249ms
 Γ£ô |tia-frontend| src/app/features/bank/settings/components/security/container/security-container.spec.ts (5 tests) 461ms
 Γ£ô |tia-frontend| src/app/features/bank/settings/components/loan-management/components/loan-case-drawer/loan-case-drawer.spec.ts (8 tests) 367ms
 Γ£ô |tia-frontend| src/app/features/bank/products/components/cards/components/otp-modal/container/card-otp-modal/card-otp-modal.spec.ts (5 tests) 403ms
stderr | src/app/features/bank/messaging/components/draft/draft.spec.ts
NG0953: Unexpected emit for destroyed `OutputRef`. The owning directive/component is destroyed.

 Γ£ô |tia-frontend| src/app/features/bank/messaging/components/draft/draft.spec.ts (7 tests) 399ms
 Γ£ô |tia-frontend| src/app/shared/lib/overlay/ui-otp-modal/otp-modal.spec.ts (4 tests) 262ms
 Γ£ô |tia-frontend| src/app/features/bank/messaging/shared/ui/reply-form/reply-form.spec.ts (6 tests) 265ms
 Γ£ô |tia-frontend| src/app/features/storybook/components/forms/contact-form/contact-form.spec.ts (3 tests) 292ms
 Γ£ô |tia-frontend| src/app/features/bank/products/components/cards/components/account-cards/container/account-cards.spec.ts (9 tests) 278ms
 Γ£ô |tia-frontend| src/app/shared/lib/drag-n-drop/components/drag-card/drag-card.spec.ts (7 tests) 332ms
 Γ£ô |tia-frontend| src/app/features/bank/paybill/components/paybill-templates/shared/ui/bills-list/bills-list.spec.ts (5 tests) 323ms
stderr | OutputEmitterRef.emit 
(file:\C:\Users\User\Desktop\TBC%20Academy\tia-frontend\node_modules\@angular\core\fesm2022\_resource-chunk.mjs:40:15)
NG0953: Unexpected emit for destroyed `OutputRef`. The owning directive/component is destroyed.

stderr | OutputEmitterRef.emit 
(file:\C:\Users\User\Desktop\TBC%20Academy\tia-frontend\node_modules\@angular\core\fesm2022\_resource-chunk.mjs:40:15)
NG0953: Unexpected emit for destroyed `OutputRef`. The owning directive/component is destroyed.

stderr | OutputEmitterRef.emit 
(file:\C:\Users\User\Desktop\TBC%20Academy\tia-frontend\node_modules\@angular\core\fesm2022\_resource-chunk.mjs:40:15)
NG0953: Unexpected emit for destroyed `OutputRef`. The owning directive/component is destroyed.

stderr | OutputEmitterRef.emit 
(file:\C:\Users\User\Desktop\TBC%20Academy\tia-frontend\node_modules\@angular\core\fesm2022\_resource-chunk.mjs:40:15)
NG0953: Unexpected emit for destroyed `OutputRef`. The owning directive/component is destroyed.

stderr | OutputEmitterRef.emit 
(file:\C:\Users\User\Desktop\TBC%20Academy\tia-frontend\node_modules\@angular\core\fesm2022\_resource-chunk.mjs:40:15)
NG0953: Unexpected emit for destroyed `OutputRef`. The owning directive/component is destroyed.

 Γ£ô |tia-frontend| src/app/features/bank/transfers/components/transfers-external/components/external-recipient/external-recipient.spec.ts (8 tests) 303ms
 Γ£ô |tia-frontend| src/app/features/bank/paybill/components/paybill-main/components/paybill-confirm-payment/container/paybill-confirm-payment-container.spec.ts (4 tests) 319ms
 Γ£ô |tia-frontend| src/app/features/bank/paybill/container/paybill-container.spec.ts (8 tests) 307ms
 Γ£ô |tia-frontend| src/app/features/bank/settings/components/security/integration/security-container.int.spec.ts (2 tests) 335ms
 Γ£ô |tia-frontend| src/app/features/bank/settings/components/user-management/container/user-management-container.spec.ts (1 test) 407ms
     Γ£ô should create  405ms
 Γ£ô |tia-frontend| src/app/shared/lib/drag-n-drop/components/kanban-board/kanban-board.spec.ts (5 tests) 304ms
 Γ£ô |tia-frontend| src/app/features/bank/finances/components/finances-view/container/finances-view.spec.ts (6 tests) 244ms
 Γ£ô |tia-frontend| src/app/features/bank/finances/components/finances-view/components/finances-charts/finances-charts.spec.ts (4 tests) 309ms
 Γ£ô |tia-frontend| src/app/core/auth/components/sign-up/verify-signup/verify-signup.spec.ts (7 tests) 377ms
 Γ£ô |tia-frontend| src/app/features/bank/loans/shared/ui/loan-card/loan-card.spec.ts (6 tests) 283ms
 Γ£ô |tia-frontend| src/app/core/auth/components/sign-up/phone-verification/phone-verification.spec.ts (4 tests) 337ms
 Γ£ô |tia-frontend| src/app/features/bank/settings/components/loan-management/container/loan-management-container.spec.ts (8 tests) 349ms
stderr | src/app/features/bank/settings/components/approve-cards/container/approve-cards-container.spec.ts
NG0953: Unexpected emit for destroyed `OutputRef`. The owning directive/component is destroyed.

stderr | src/app/features/bank/settings/components/approve-cards/container/approve-cards-container.spec.ts
NG0953: Unexpected emit for destroyed `OutputRef`. The owning directive/component is destroyed.

 Γ£ô |tia-frontend| src/app/features/bank/settings/components/approve-cards/container/approve-cards-container.spec.ts (2 tests) 291ms
 Γ£ô |tia-frontend| src/app/features/bank/settings/components/profile-photo/components/user-info/user-info.component.spec.ts (6 tests) 283ms
 Γ£ô |tia-frontend| src/app/features/storybook/components/button/button-library.spec.ts (3 tests) 256ms
 Γ£ô |tia-frontend| src/app/features/bank/paybill/components/paybill-main/components/paybill-form/container/paybill-form-container.spec.ts (6 tests) 367ms
stderr | src/app/layout/ui/bank-header/container/bank-header-container.spec.ts > BankHeaderContainer > should call 
fetch methods on init
NG0303: Can't bind to 'hasUnread' since it isn't a known property of 'app-bank-header' (used in the 
'BankHeaderContainer2' component template).
1. If 'app-bank-header' is an Angular component and it has the 'hasUnread' input, then verify that it is included in 
the '@Component.imports' of this component.
2. If 'app-bank-header' is a Web Component then add 'CUSTOM_ELEMENTS_SCHEMA' to the '@Component.schemas' of this 
component to suppress this message.
3. To allow any property add 'NO_ERRORS_SCHEMA' to the '@Component.schemas' of this component.
NG0303: Can't bind to 'inboxCount' since it isn't a known property of 'app-bank-header' (used in the 
'BankHeaderContainer2' component template).
1. If 'app-bank-header' is an Angular component and it has the 'inboxCount' input, then verify that it is included in 
the '@Component.imports' of this component.
2. If 'app-bank-header' is a Web Component then add 'CUSTOM_ELEMENTS_SCHEMA' to the '@Component.schemas' of this 
component to suppress this message.
3. To allow any property add 'NO_ERRORS_SCHEMA' to the '@Component.schemas' of this component.
NG0303: Can't bind to 'avatarUrl' since it isn't a known property of 'app-bank-header' (used in the 
'BankHeaderContainer2' component template).
1. If 'app-bank-header' is an Angular component and it has the 'avatarUrl' input, then verify that it is included in 
the '@Component.imports' of this component.
2. If 'app-bank-header' is a Web Component then add 'CUSTOM_ELEMENTS_SCHEMA' to the '@Component.schemas' of this 
component to suppress this message.
3. To allow any property add 'NO_ERRORS_SCHEMA' to the '@Component.schemas' of this component.
NG0303: Can't bind to 'fullName' since it isn't a known property of 'app-bank-header' (used in the 
'BankHeaderContainer2' component template).
1. If 'app-bank-header' is an Angular component and it has the 'fullName' input, then verify that it is included in 
the '@Component.imports' of this component.
2. If 'app-bank-header' is a Web Component then add 'CUSTOM_ELEMENTS_SCHEMA' to the '@Component.schemas' of this 
component to suppress this message.
3. To allow any property add 'NO_ERRORS_SCHEMA' to the '@Component.schemas' of this component.
NG0303: Can't bind to 'isModalOpen' since it isn't a known property of 'app-notifications-container' (used in the 
'BankHeaderContainer2' component template).
1. If 'app-notifications-container' is an Angular component and it has the 'isModalOpen' input, then verify that it is 
included in the '@Component.imports' of this component.
2. If 'app-notifications-container' is a Web Component then add 'CUSTOM_ELEMENTS_SCHEMA' to the '@Component.schemas' 
of this component to suppress this message.
3. To allow any property add 'NO_ERRORS_SCHEMA' to the '@Component.schemas' of this component.
NG0303: Can't bind to 'notificationEl' since it isn't a known property of 'app-notifications-container' (used in the 
'BankHeaderContainer2' component template).
1. If 'app-notifications-container' is an Angular component and it has the 'notificationEl' input, then verify that it 
is included in the '@Component.imports' of this component.
2. If 'app-notifications-container' is a Web Component then add 'CUSTOM_ELEMENTS_SCHEMA' to the '@Component.schemas' 
of this component to suppress this message.
3. To allow any property add 'NO_ERRORS_SCHEMA' to the '@Component.schemas' of this component.

 Γ£ô |tia-frontend| src/app/features/bank/transactions/components/categorize-modal/categorize-modal.spec.ts (4 tests) 348ms
stderr | src/app/layout/ui/bank-header/container/bank-header-container.spec.ts > BankHeaderContainer > should open 
modal and fetch notifications if closed
NG0303: Can't bind to 'hasUnread' since it isn't a known property of 'app-bank-header' (used in the 
'BankHeaderContainer2' component template).
1. If 'app-bank-header' is an Angular component and it has the 'hasUnread' input, then verify that it is included in 
the '@Component.imports' of this component.
2. If 'app-bank-header' is a Web Component then add 'CUSTOM_ELEMENTS_SCHEMA' to the '@Component.schemas' of this 
component to suppress this message.
3. To allow any property add 'NO_ERRORS_SCHEMA' to the '@Component.schemas' of this component.
NG0303: Can't bind to 'inboxCount' since it isn't a known property of 'app-bank-header' (used in the 
'BankHeaderContainer2' component template).
1. If 'app-bank-header' is an Angular component and it has the 'inboxCount' input, then verify that it is included in 
the '@Component.imports' of this component.
2. If 'app-bank-header' is a Web Component then add 'CUSTOM_ELEMENTS_SCHEMA' to the '@Component.schemas' of this 
component to suppress this message.
3. To allow any property add 'NO_ERRORS_SCHEMA' to the '@Component.schemas' of this component.
NG0303: Can't bind to 'avatarUrl' since it isn't a known property of 'app-bank-header' (used in the 
'BankHeaderContainer2' component template).
1. If 'app-bank-header' is an Angular component and it has the 'avatarUrl' input, then verify that it is included in 
the '@Component.imports' of this component.
2. If 'app-bank-header' is a Web Component then add 'CUSTOM_ELEMENTS_SCHEMA' to the '@Component.schemas' of this 
component to suppress this message.
3. To allow any property add 'NO_ERRORS_SCHEMA' to the '@Component.schemas' of this component.
NG0303: Can't bind to 'fullName' since it isn't a known property of 'app-bank-header' (used in the 
'BankHeaderContainer2' component template).
1. If 'app-bank-header' is an Angular component and it has the 'fullName' input, then verify that it is included in 
the '@Component.imports' of this component.
2. If 'app-bank-header' is a Web Component then add 'CUSTOM_ELEMENTS_SCHEMA' to the '@Component.schemas' of this 
component to suppress this message.
3. To allow any property add 'NO_ERRORS_SCHEMA' to the '@Component.schemas' of this component.
NG0303: Can't bind to 'isModalOpen' since it isn't a known property of 'app-notifications-container' (used in the 
'BankHeaderContainer2' component template).
1. If 'app-notifications-container' is an Angular component and it has the 'isModalOpen' input, then verify that it is 
included in the '@Component.imports' of this component.
2. If 'app-notifications-container' is a Web Component then add 'CUSTOM_ELEMENTS_SCHEMA' to the '@Component.schemas' 
of this component to suppress this message.
3. To allow any property add 'NO_ERRORS_SCHEMA' to the '@Component.schemas' of this component.
NG0303: Can't bind to 'notificationEl' since it isn't a known property of 'app-notifications-container' (used in the 
'BankHeaderContainer2' component template).
1. If 'app-notifications-container' is an Angular component and it has the 'notificationEl' input, then verify that it 
is included in the '@Component.imports' of this component.
2. If 'app-notifications-container' is a Web Component then add 'CUSTOM_ELEMENTS_SCHEMA' to the '@Component.schemas' 
of this component to suppress this message.
3. To allow any property add 'NO_ERRORS_SCHEMA' to the '@Component.schemas' of this component.

stderr | src/app/layout/ui/bank-header/container/bank-header-container.spec.ts > BankHeaderContainer > should close 
modal if already open
NG0303: Can't bind to 'hasUnread' since it isn't a known property of 'app-bank-header' (used in the 
'BankHeaderContainer2' component template).
1. If 'app-bank-header' is an Angular component and it has the 'hasUnread' input, then verify that it is included in 
the '@Component.imports' of this component.
2. If 'app-bank-header' is a Web Component then add 'CUSTOM_ELEMENTS_SCHEMA' to the '@Component.schemas' of this 
component to suppress this message.
3. To allow any property add 'NO_ERRORS_SCHEMA' to the '@Component.schemas' of this component.
NG0303: Can't bind to 'inboxCount' since it isn't a known property of 'app-bank-header' (used in the 
'BankHeaderContainer2' component template).
1. If 'app-bank-header' is an Angular component and it has the 'inboxCount' input, then verify that it is included in 
the '@Component.imports' of this component.
2. If 'app-bank-header' is a Web Component then add 'CUSTOM_ELEMENTS_SCHEMA' to the '@Component.schemas' of this 
component to suppress this message.
3. To allow any property add 'NO_ERRORS_SCHEMA' to the '@Component.schemas' of this component.
NG0303: Can't bind to 'avatarUrl' since it isn't a known property of 'app-bank-header' (used in the 
'BankHeaderContainer2' component template).
1. If 'app-bank-header' is an Angular component and it has the 'avatarUrl' input, then verify that it is included in 
the '@Component.imports' of this component.
2. If 'app-bank-header' is a Web Component then add 'CUSTOM_ELEMENTS_SCHEMA' to the '@Component.schemas' of this 
component to suppress this message.
3. To allow any property add 'NO_ERRORS_SCHEMA' to the '@Component.schemas' of this component.
NG0303: Can't bind to 'fullName' since it isn't a known property of 'app-bank-header' (used in the 
'BankHeaderContainer2' component template).
1. If 'app-bank-header' is an Angular component and it has the 'fullName' input, then verify that it is included in 
the '@Component.imports' of this component.
2. If 'app-bank-header' is a Web Component then add 'CUSTOM_ELEMENTS_SCHEMA' to the '@Component.schemas' of this 
component to suppress this message.
3. To allow any property add 'NO_ERRORS_SCHEMA' to the '@Component.schemas' of this component.
NG0303: Can't bind to 'isModalOpen' since it isn't a known property of 'app-notifications-container' (used in the 
'BankHeaderContainer2' component template).
1. If 'app-notifications-container' is an Angular component and it has the 'isModalOpen' input, then verify that it is 
included in the '@Component.imports' of this component.
2. If 'app-notifications-container' is a Web Component then add 'CUSTOM_ELEMENTS_SCHEMA' to the '@Component.schemas' 
of this component to suppress this message.
3. To allow any property add 'NO_ERRORS_SCHEMA' to the '@Component.schemas' of this component.
NG0303: Can't bind to 'notificationEl' since it isn't a known property of 'app-notifications-container' (used in the 
'BankHeaderContainer2' component template).
1. If 'app-notifications-container' is an Angular component and it has the 'notificationEl' input, then verify that it 
is included in the '@Component.imports' of this component.
2. If 'app-notifications-container' is a Web Component then add 'CUSTOM_ELEMENTS_SCHEMA' to the '@Component.schemas' 
of this component to suppress this message.
3. To allow any property add 'NO_ERRORS_SCHEMA' to the '@Component.schemas' of this component.

stderr | src/app/layout/ui/bank-header/container/bank-header-container.spec.ts > BankHeaderContainer > should update 
modal state via closeAndReset
NG0303: Can't bind to 'hasUnread' since it isn't a known property of 'app-bank-header' (used in the 
'BankHeaderContainer2' component template).
1. If 'app-bank-header' is an Angular component and it has the 'hasUnread' input, then verify that it is included in 
the '@Component.imports' of this component.
2. If 'app-bank-header' is a Web Component then add 'CUSTOM_ELEMENTS_SCHEMA' to the '@Component.schemas' of this 
component to suppress this message.
3. To allow any property add 'NO_ERRORS_SCHEMA' to the '@Component.schemas' of this component.
NG0303: Can't bind to 'inboxCount' since it isn't a known property of 'app-bank-header' (used in the 
'BankHeaderContainer2' component template).
1. If 'app-bank-header' is an Angular component and it has the 'inboxCount' input, then verify that it is included in 
the '@Component.imports' of this component.
2. If 'app-bank-header' is a Web Component then add 'CUSTOM_ELEMENTS_SCHEMA' to the '@Component.schemas' of this 
component to suppress this message.
3. To allow any property add 'NO_ERRORS_SCHEMA' to the '@Component.schemas' of this component.
NG0303: Can't bind to 'avatarUrl' since it isn't a known property of 'app-bank-header' (used in the 
'BankHeaderContainer2' component template).
1. If 'app-bank-header' is an Angular component and it has the 'avatarUrl' input, then verify that it is included in 
the '@Component.imports' of this component.
2. If 'app-bank-header' is a Web Component then add 'CUSTOM_ELEMENTS_SCHEMA' to the '@Component.schemas' of this 
component to suppress this message.
3. To allow any property add 'NO_ERRORS_SCHEMA' to the '@Component.schemas' of this component.
NG0303: Can't bind to 'fullName' since it isn't a known property of 'app-bank-header' (used in the 
'BankHeaderContainer2' component template).
1. If 'app-bank-header' is an Angular component and it has the 'fullName' input, then verify that it is included in 
the '@Component.imports' of this component.
2. If 'app-bank-header' is a Web Component then add 'CUSTOM_ELEMENTS_SCHEMA' to the '@Component.schemas' of this 
component to suppress this message.
3. To allow any property add 'NO_ERRORS_SCHEMA' to the '@Component.schemas' of this component.
NG0303: Can't bind to 'isModalOpen' since it isn't a known property of 'app-notifications-container' (used in the 
'BankHeaderContainer2' component template).
1. If 'app-notifications-container' is an Angular component and it has the 'isModalOpen' input, then verify that it is 
included in the '@Component.imports' of this component.
2. If 'app-notifications-container' is a Web Component then add 'CUSTOM_ELEMENTS_SCHEMA' to the '@Component.schemas' 
of this component to suppress this message.
3. To allow any property add 'NO_ERRORS_SCHEMA' to the '@Component.schemas' of this component.
NG0303: Can't bind to 'notificationEl' since it isn't a known property of 'app-notifications-container' (used in the 
'BankHeaderContainer2' component template).
1. If 'app-notifications-container' is an Angular component and it has the 'notificationEl' input, then verify that it 
is included in the '@Component.imports' of this component.
2. If 'app-notifications-container' is a Web Component then add 'CUSTOM_ELEMENTS_SCHEMA' to the '@Component.schemas' 
of this component to suppress this message.
3. To allow any property add 'NO_ERRORS_SCHEMA' to the '@Component.schemas' of this component.

stderr | src/app/layout/ui/bank-header/container/bank-header-container.spec.ts > BankHeaderContainer > should compute 
inboxCount correctly from service
NG0303: Can't bind to 'hasUnread' since it isn't a known property of 'app-bank-header' (used in the 
'BankHeaderContainer2' component template).
1. If 'app-bank-header' is an Angular component and it has the 'hasUnread' input, then verify that it is included in 
the '@Component.imports' of this component.
2. If 'app-bank-header' is a Web Component then add 'CUSTOM_ELEMENTS_SCHEMA' to the '@Component.schemas' of this 
component to suppress this message.
3. To allow any property add 'NO_ERRORS_SCHEMA' to the '@Component.schemas' of this component.
NG0303: Can't bind to 'inboxCount' since it isn't a known property of 'app-bank-header' (used in the 
'BankHeaderContainer2' component template).
1. If 'app-bank-header' is an Angular component and it has the 'inboxCount' input, then verify that it is included in 
the '@Component.imports' of this component.
2. If 'app-bank-header' is a Web Component then add 'CUSTOM_ELEMENTS_SCHEMA' to the '@Component.schemas' of this 
component to suppress this message.
3. To allow any property add 'NO_ERRORS_SCHEMA' to the '@Component.schemas' of this component.
NG0303: Can't bind to 'avatarUrl' since it isn't a known property of 'app-bank-header' (used in the 
'BankHeaderContainer2' component template).
1. If 'app-bank-header' is an Angular component and it has the 'avatarUrl' input, then verify that it is included in 
the '@Component.imports' of this component.
2. If 'app-bank-header' is a Web Component then add 'CUSTOM_ELEMENTS_SCHEMA' to the '@Component.schemas' of this 
component to suppress this message.
3. To allow any property add 'NO_ERRORS_SCHEMA' to the '@Component.schemas' of this component.
NG0303: Can't bind to 'fullName' since it isn't a known property of 'app-bank-header' (used in the 
'BankHeaderContainer2' component template).
1. If 'app-bank-header' is an Angular component and it has the 'fullName' input, then verify that it is included in 
the '@Component.imports' of this component.
2. If 'app-bank-header' is a Web Component then add 'CUSTOM_ELEMENTS_SCHEMA' to the '@Component.schemas' of this 
component to suppress this message.
3. To allow any property add 'NO_ERRORS_SCHEMA' to the '@Component.schemas' of this component.
NG0303: Can't bind to 'isModalOpen' since it isn't a known property of 'app-notifications-container' (used in the 
'BankHeaderContainer2' component template).
1. If 'app-notifications-container' is an Angular component and it has the 'isModalOpen' input, then verify that it is 
included in the '@Component.imports' of this component.
2. If 'app-notifications-container' is a Web Component then add 'CUSTOM_ELEMENTS_SCHEMA' to the '@Component.schemas' 
of this component to suppress this message.
3. To allow any property add 'NO_ERRORS_SCHEMA' to the '@Component.schemas' of this component.
NG0303: Can't bind to 'notificationEl' since it isn't a known property of 'app-notifications-container' (used in the 
'BankHeaderContainer2' component template).
1. If 'app-notifications-container' is an Angular component and it has the 'notificationEl' input, then verify that it 
is included in the '@Component.imports' of this component.
2. If 'app-notifications-container' is a Web Component then add 'CUSTOM_ELEMENTS_SCHEMA' to the '@Component.schemas' 
of this component to suppress this message.
3. To allow any property add 'NO_ERRORS_SCHEMA' to the '@Component.schemas' of this component.

stderr | src/app/layout/ui/bank-header/container/bank-header-container.spec.ts > BankHeaderContainer > should expose 
hasUnread from notificationsStore
NG0303: Can't bind to 'hasUnread' since it isn't a known property of 'app-bank-header' (used in the 
'BankHeaderContainer2' component template).
1. If 'app-bank-header' is an Angular component and it has the 'hasUnread' input, then verify that it is included in 
the '@Component.imports' of this component.
2. If 'app-bank-header' is a Web Component then add 'CUSTOM_ELEMENTS_SCHEMA' to the '@Component.schemas' of this 
component to suppress this message.
3. To allow any property add 'NO_ERRORS_SCHEMA' to the '@Component.schemas' of this component.
NG0303: Can't bind to 'inboxCount' since it isn't a known property of 'app-bank-header' (used in the 
'BankHeaderContainer2' component template).
1. If 'app-bank-header' is an Angular component and it has the 'inboxCount' input, then verify that it is included in 
the '@Component.imports' of this component.
2. If 'app-bank-header' is a Web Component then add 'CUSTOM_ELEMENTS_SCHEMA' to the '@Component.schemas' of this 
component to suppress this message.
3. To allow any property add 'NO_ERRORS_SCHEMA' to the '@Component.schemas' of this component.
NG0303: Can't bind to 'avatarUrl' since it isn't a known property of 'app-bank-header' (used in the 
'BankHeaderContainer2' component template).
1. If 'app-bank-header' is an Angular component and it has the 'avatarUrl' input, then verify that it is included in 
the '@Component.imports' of this component.
2. If 'app-bank-header' is a Web Component then add 'CUSTOM_ELEMENTS_SCHEMA' to the '@Component.schemas' of this 
component to suppress this message.
3. To allow any property add 'NO_ERRORS_SCHEMA' to the '@Component.schemas' of this component.
NG0303: Can't bind to 'fullName' since it isn't a known property of 'app-bank-header' (used in the 
'BankHeaderContainer2' component template).
1. If 'app-bank-header' is an Angular component and it has the 'fullName' input, then verify that it is included in 
the '@Component.imports' of this component.
2. If 'app-bank-header' is a Web Component then add 'CUSTOM_ELEMENTS_SCHEMA' to the '@Component.schemas' of this 
component to suppress this message.
3. To allow any property add 'NO_ERRORS_SCHEMA' to the '@Component.schemas' of this component.
NG0303: Can't bind to 'isModalOpen' since it isn't a known property of 'app-notifications-container' (used in the 
'BankHeaderContainer2' component template).
1. If 'app-notifications-container' is an Angular component and it has the 'isModalOpen' input, then verify that it is 
included in the '@Component.imports' of this component.
2. If 'app-notifications-container' is a Web Component then add 'CUSTOM_ELEMENTS_SCHEMA' to the '@Component.schemas' 
of this component to suppress this message.
3. To allow any property add 'NO_ERRORS_SCHEMA' to the '@Component.schemas' of this component.
NG0303: Can't bind to 'notificationEl' since it isn't a known property of 'app-notifications-container' (used in the 
'BankHeaderContainer2' component template).
1. If 'app-notifications-container' is an Angular component and it has the 'notificationEl' input, then verify that it 
is included in the '@Component.imports' of this component.
2. If 'app-notifications-container' is a Web Component then add 'CUSTOM_ELEMENTS_SCHEMA' to the '@Component.schemas' 
of this component to suppress this message.
3. To allow any property add 'NO_ERRORS_SCHEMA' to the '@Component.schemas' of this component.

 Γ£ô |tia-frontend| src/app/layout/ui/bank-header/container/bank-header-container.spec.ts (6 tests) 326ms
 Γ£ô |tia-frontend| src/app/layout/ui/bank-header/components/header-notifications/components/header-notifications.spec.ts (9 tests) 353ms
 Γ£ô |tia-frontend| src/app/features/bank/paybill/components/paybill-templates/shared/ui/payment-distribution/payment-distribution.spec.ts (5 tests) 214ms
 Γ£ô |tia-frontend| src/app/features/bank/settings/components/security/components/security.component.spec.ts (2 tests) 234ms
 Γ£ô |tia-frontend| src/app/features/bank/finances/components/finances-view/components/finances-summary/finances-summary.spec.ts (6 tests) 246ms
 Γ£ô |tia-frontend| src/app/features/bank/settings/components/language/components/language-selection/language-selection.spec.ts (12 tests) 240ms
 Γ£ô |tia-frontend| src/app/features/storybook/components/forms/multistep-form/multistep-forms.spec.ts (3 tests) 264ms
 Γ£ô |tia-frontend| src/app/features/bank/products/components/accounts/components/account-card/container/account-card.spec.ts (4 tests) 283ms
 Γ£ô |tia-frontend| src/app/layout/bank-container.spec.ts (1 test) 289ms
 Γ£ô |tia-frontend| src/app/features/bank/dashboard/components/onboarding/onboarding.spec.ts (5 tests) 293ms
 Γ£ô |tia-frontend| src/app/features/bank/finances/integration/finances-container.int.spec.ts (2 tests) 333ms
     Γ£ô should initialize and load data on ngOnInit  311ms
 Γ£ô |tia-frontend| src/app/shared/lib/overlay/ui-success-modal/ui-success-modal.spec.ts (4 tests) 177ms
 Γ£ô |tia-frontend| src/app/features/bank/loans/shared/ui/prepayment/verify/verify.spec.ts (3 tests) 289ms
 Γ£ô |tia-frontend| src/app/features/bank/paybill/components/paybill-main/components/paybill-success/container/paybill-success-container.spec.ts (5 tests) 210ms
 Γ£ô |tia-frontend| src/app/features/bank/products/components/accounts/components/create-account/components/create-account.spec.ts (2 tests) 261ms
 Γ£ô |tia-frontend| src/app/features/bank/paybill/components/paybill-main/components/category-grid/container/category-grid-container.spec.ts (7 tests) 235ms
 Γ£ô |tia-frontend| src/app/features/bank/paybill/components/paybill-main/components/paybill-confirm-payment/components/paybill-confirm-payment/paybill-confirm-payment.spec.ts (2 tests) 240ms
 Γ£ô |tia-frontend| src/app/features/bank/finances/components/finances-view/components/finances-transactions/finances-transactions.spec.ts (6 tests) 218ms
 Γ£ô |tia-frontend| src/app/features/bank/settings/components/loan-management/components/pending-approvals-table/pending-approvals-table.spec.ts (7 tests) 284ms
 Γ£ô |tia-frontend| src/app/features/bank/loans/shared/ui/prepayment/prepayment-options-step/prepayment-option-step.spec.ts (1 test) 249ms
 Γ£ô |tia-frontend| src/app/features/storybook/components/overlay/components/left-sheet-demo/left-sheet-demo.spec.ts (3 tests) 233ms
 Γ£ô |tia-frontend| src/app/features/storybook/components/tables/components/tables-layout.spec.ts (7 tests) 313ms
 Γ£ô |tia-frontend| src/app/features/bank/transfers/components/transfers-internal/container/transfers-internal.spec.ts (11 tests) 269ms
stderr | src/app/features/bank/paybill/components/paybill-main/components/provider-list/container/provider-list-contain
er.spec.ts
NG0953: Unexpected emit for destroyed `OutputRef`. The owning directive/component is destroyed.

stderr | src/app/features/bank/paybill/components/paybill-main/components/provider-list/container/provider-list-contain
er.spec.ts
NG0953: Unexpected emit for destroyed `OutputRef`. The owning directive/component is destroyed.

stderr | src/app/features/bank/paybill/components/paybill-main/components/provider-list/container/provider-list-contain
er.spec.ts
NG0953: Unexpected emit for destroyed `OutputRef`. The owning directive/component is destroyed.

stderr | src/app/features/bank/paybill/components/paybill-main/components/provider-list/container/provider-list-contain
er.spec.ts
NG0953: Unexpected emit for destroyed `OutputRef`. The owning directive/component is destroyed.

stderr | src/app/features/bank/paybill/components/paybill-main/components/provider-list/container/provider-list-contain
er.spec.ts
NG0953: Unexpected emit for destroyed `OutputRef`. The owning directive/component is destroyed.

stderr | src/app/features/bank/paybill/components/paybill-main/components/provider-list/container/provider-list-contain
er.spec.ts
NG0953: Unexpected emit for destroyed `OutputRef`. The owning directive/component is destroyed.

stderr | src/app/features/bank/paybill/components/paybill-main/components/provider-list/container/provider-list-contain
er.spec.ts
NG0953: Unexpected emit for destroyed `OutputRef`. The owning directive/component is destroyed.

 Γ£ô |tia-frontend| src/app/features/bank/paybill/components/paybill-main/components/provider-list/container/provider-list-container.spec.ts (7 tests) 295ms
 Γ£ô |tia-frontend| src/app/features/bank/products/components/cards/components/card-transactions/components/transaction-item/transaction-item.spec.ts (7 tests) 210ms
 Γ£ô |tia-frontend| src/app/shared/lib/drag-n-drop/components/draggable-card/draggable-card.spec.ts (10 tests) 265ms
 Γ£ô |tia-frontend| src/app/features/bank/finances/components/finances-view/components/finances-filters/finances-filters.spec.ts (4 tests) 263ms
 Γ£ô |tia-frontend| src/app/features/bank/loans/shared/ui/prepayment/loan-details/loan-details.spec.ts (4 tests) 259ms
 Γ£ô |tia-frontend| src/app/features/bank/loans/components/pages/all-loans/all-loans.spec.ts (2 tests) 239ms
 Γ£ô |tia-frontend| src/app/features/bank/loans/components/pages/declined-loans/declined-loans.spec.ts (2 tests) 235ms
 Γ£ô |tia-frontend| src/app/features/storybook/components/colorpalettes/colorpalettes.spec.ts (3 tests) 310ms
 Γ£ô |tia-frontend| src/app/features/bank/settings/shared/ui/approve-ui/approve-card-element/cards-approve-element.spec.ts (7 tests) 230ms
 Γ£ô |tia-frontend| src/app/shared/lib/layout/components/resizable-panels/resizable-panels.spec.ts (15 tests) 241ms
 Γ£ô |tia-frontend| src/app/features/bank/messaging/shared/ui/mail-header/mail-header.spec.ts (3 tests) 199ms
 Γ£ô |tia-frontend| src/app/features/bank/settings/components/accounts/components/change-name/change-name.spec.ts (3 tests) 208ms
 Γ£ô |tia-frontend| src/app/features/storybook/components/forms/inline-form/inline-form.spec.ts (3 tests) 192ms
 Γ£ô |tia-frontend| src/app/features/storybook/components/overlay/components/form-dialog/form-dialog.spec.ts (3 tests) 167ms
 Γ£ô |tia-frontend| src/app/features/bank/products/components/cards/components/card-transactions/components/transaction-list/transaction-list.spec.ts (10 tests) 153ms
stderr | src/app/shared/lib/overlay/ui-drawer/ui-drawer.spec.ts > UiDrawer > should create
The 'allowSignalWrites' flag is deprecated and no longer impacts effect() (writes are always allowed)

stderr | src/app/shared/lib/overlay/ui-drawer/ui-drawer.spec.ts > UiDrawer > Pointer Logic > should initialize 
dragging on handle area
The 'allowSignalWrites' flag is deprecated and no longer impacts effect() (writes are always allowed)

stderr | src/app/shared/lib/overlay/ui-drawer/ui-drawer.spec.ts > UiDrawer > Pointer Logic > should ignore pointerdown 
outside handle area
The 'allowSignalWrites' flag is deprecated and no longer impacts effect() (writes are always allowed)

stderr | src/app/shared/lib/overlay/ui-drawer/ui-drawer.spec.ts > UiDrawer > Pointer Logic > should update offset on 
pointermove
The 'allowSignalWrites' flag is deprecated and no longer impacts effect() (writes are always allowed)

stderr | src/app/shared/lib/overlay/ui-drawer/ui-drawer.spec.ts > UiDrawer > Pointer Logic > should prevent negative 
offset
The 'allowSignalWrites' flag is deprecated and no longer impacts effect() (writes are always allowed)

stderr | src/app/shared/lib/overlay/ui-drawer/ui-drawer.spec.ts > UiDrawer > Pointer Logic > should snap back when 
released under 50%
The 'allowSignalWrites' flag is deprecated and no longer impacts effect() (writes are always allowed)

stderr | src/app/shared/lib/overlay/ui-drawer/ui-drawer.spec.ts > UiDrawer > Pointer Logic > should close when 
released over 50%
The 'allowSignalWrites' flag is deprecated and no longer impacts effect() (writes are always allowed)

stderr | src/app/shared/lib/overlay/ui-drawer/ui-drawer.spec.ts > UiDrawer > State Management > should reset state via 
effect when closed
The 'allowSignalWrites' flag is deprecated and no longer impacts effect() (writes are always allowed)

stderr | src/app/shared/lib/overlay/ui-drawer/ui-drawer.spec.ts > UiDrawer > State Management > should emit closed on 
escape key
The 'allowSignalWrites' flag is deprecated and no longer impacts effect() (writes are always allowed)

stderr | src/app/shared/lib/overlay/ui-drawer/ui-drawer.spec.ts > UiDrawer > State Management > should not emit closed 
on escape if already closed
The 'allowSignalWrites' flag is deprecated and no longer impacts effect() (writes are always allowed)

 Γ£ô |tia-frontend| src/app/shared/lib/overlay/ui-drawer/ui-drawer.spec.ts (10 tests) 178ms
 Γ£ô |tia-frontend| src/app/shared/lib/feedback/skeleton/skeleton.spec.ts (9 tests) 197ms
 Γ£ô |tia-frontend| src/app/features/storybook/components/cards/cards.spec.ts (5 tests) 180ms
stderr | src/app/features/bank/dashboard/components/onboarding/shared/ui/onboarding-modal/onboarding-modal.spec.ts > 
OnboardingModal > should show previous button on page > 1
NG0955: The provided track expression resulted in duplicated keys for a given collection. Adjust the tracking 
expression such that it uniquely identifies all the items in the collection. Duplicated keys were: 
key "" at index "0" and "1", 
key "" at index "1" and "2", 
key "" at index "2" and "3", 
key "" at index "3" and "4", 
key "" at index "4" and "5". Find more at https://v21.angular.dev/errors/NG0955

stderr | src/app/features/bank/dashboard/components/onboarding/shared/ui/onboarding-modal/onboarding-modal.spec.ts > 
OnboardingModal > should show Finish button on page 6
NG0955: The provided track expression resulted in duplicated keys for a given collection. Adjust the tracking 
expression such that it uniquely identifies all the items in the collection. Duplicated keys were: 
key "" at index "0" and "1", 
key "" at index "1" and "2", 
key "" at index "2" and "3", 
key "" at index "3" and "4", 
key "" at index "4" and "5". Find more at https://v21.angular.dev/errors/NG0955

 Γ£ô |tia-frontend| src/app/core/auth/components/login/sign-in/sign-in.spec.ts (4 tests) 210ms
 Γ£ô |tia-frontend| src/app/features/bank/dashboard/components/onboarding/shared/ui/onboarding-modal/onboarding-modal.spec.ts (3 tests) 248ms
 Γ£ô |tia-frontend| src/app/features/storybook/components/forms/layout-form/horizontal-layout/horizontal-layout.spec.ts (1 test) 183ms
 Γ£ô |tia-frontend| src/app/features/bank/messaging/shared/ui/email-detail/email-detail.spec.ts (10 tests) 243ms
 Γ£ô |tia-frontend| src/app/features/storybook/components/overlay/components/right-sheet-demo/right-sheet-demo.spec.ts (3 tests) 235ms
 Γ£ô |tia-frontend| src/app/features/storybook/components/tables/container/tables-container.spec.ts (1 test) 225ms
 Γ£ô |tia-frontend| src/app/features/storybook/components/forms/settings-form/settings-form.spec.ts (3 tests) 215ms
 Γ£ô |tia-frontend| src/app/core/auth/components/forgot-password/forgot-password-email/forgot-password-email.spec.ts (2 tests) 243ms
stderr | src/app/features/storybook/components/overlay/components/drawer-modal/drawer-modal.spec.ts > DrawerModal > 
should create
The 'allowSignalWrites' flag is deprecated and no longer impacts effect() (writes are always allowed)

 Γ£ô |tia-frontend| src/app/features/bank/paybill/components/paybill-main/components/paybill-success/components/paybill-success/paybill-success.spec.ts (3 tests) 221ms
stderr | src/app/features/storybook/components/overlay/components/drawer-modal/drawer-modal.spec.ts > DrawerModal > 
should toggle the isOpen signal state when toggle() is called
The 'allowSignalWrites' flag is deprecated and no longer impacts effect() (writes are always allowed)

stderr | src/app/features/storybook/components/overlay/components/drawer-modal/drawer-modal.spec.ts > DrawerModal > 
should close the drawer via toggle() when onSubmit() is triggered
The 'allowSignalWrites' flag is deprecated and no longer impacts effect() (writes are always allowed)

 Γ£ô |tia-frontend| src/app/features/storybook/components/overlay/components/edit-profile-dialog/edit-profile-dialog.spec.ts (3 tests) 223ms
stderr | src/app/features/storybook/components/overlay/components/drawer-modal/drawer-modal.spec.ts > DrawerModal > 
should update signals when language changes
The 'allowSignalWrites' flag is deprecated and no longer impacts effect() (writes are always allowed)

 Γ£ô |tia-frontend| src/app/features/storybook/components/overlay/components/drawer-modal/drawer-modal.spec.ts (4 tests) 244ms
 Γ£ô |tia-frontend| src/app/features/bank/transfers/ui/account-card/transfers-account-card.spec.ts (10 tests) 342ms
 Γ£ô |tia-frontend| src/app/features/bank/messaging/shared/ui/mail-card/mail-card.spec.ts (6 tests) 178ms
 Γ£ô |tia-frontend| src/app/features/storybook/components/navigation/container/navigation-tabs.spec.ts (2 tests) 242ms
 Γ£ô |tia-frontend| src/app/features/bank/loans/shared/ui/prepayment/prepayment-review/prepayment-review.spec.ts (5 tests) 229ms
 Γ£ô |tia-frontend| src/app/features/bank/products/components/accounts/components/account-card/components/transfer-permissions-modal/transfer-permissions-modal.spec.ts (7 tests) 188ms
 Γ£ô |tia-frontend| src/app/features/bank/paybill/components/shared/account-select/account-select.spec.ts (4 tests) 183ms
 Γ£ô |tia-frontend| src/app/core/auth/components/forgot-password/reset-password/reset-password.spec.ts (2 tests) 226ms
 Γ£ô |tia-frontend| src/app/features/bank/products/components/cards/components/create-card-modal/components/create-card-form/create-card-form.spec.ts (2 tests) 211ms
 Γ£ô |tia-frontend| src/app/features/bank/settings/components/user-management/shared/ui/user-details-modal/user-details-modal.spec.ts (2 tests) 218ms
 Γ£ô |tia-frontend| src/app/features/bank/dashboard/components/shared/ui/banner-carousel/banner-carousel.spec.ts (5 tests) 201ms
 Γ£ô |tia-frontend| src/app/shared/lib/forms/radios/radios.spec.ts (2 tests) 188ms
 Γ£ô |tia-frontend| src/app/features/bank/paybill/store/paybill.effects.spec.ts (39 tests) 242ms
 Γ£ô |tia-frontend| src/app/features/bank/transfers/container/transfers-container.spec.ts (4 tests) 228ms
 Γ£ô |tia-frontend| src/app/features/bank/settings/components/profile-photo/components/profile-photo/profile-photo.component.spec.ts (1 test) 218ms
 Γ£ô |tia-frontend| src/app/features/bank/loans/components/pages/pending-loans/pending-loans.spec.ts (2 tests) 279ms
 Γ£ô |tia-frontend| src/app/features/bank/settings/components/loan-management/store/loan-management.store.spec.ts (38 tests) 181ms
stderr | src/app/features/bank/paybill/components/paybill-main/components/provider-list/components/provider-list-items/
provider-list.spec.ts
NG0953: Unexpected emit for destroyed `OutputRef`. The owning directive/component is destroyed.

stderr | src/app/features/bank/paybill/components/paybill-main/components/provider-list/components/provider-list-items/
provider-list.spec.ts
NG0953: Unexpected emit for destroyed `OutputRef`. The owning directive/component is destroyed.

 Γ£ô |tia-frontend| src/app/features/bank/paybill/components/paybill-main/components/provider-list/components/provider-list-items/provider-list.spec.ts (2 tests) 286ms
 Γ£ô |tia-frontend| src/app/features/bank/paybill/components/paybill-main/components/paybill-otp-verification/container/paybill-otp-verification-container.spec.ts (4 tests) 344ms
 Γ£ô |tia-frontend| src/app/features/bank/loans/components/pages/approved-loans/approved-loans.spec.ts (2 tests) 250ms
 Γ£ô |tia-frontend| src/app/features/storybook/components/overlay/components/large-dialog/large-dialog.spec.ts (3 tests) 206ms
 Γ£ô |tia-frontend| src/app/features/storybook/components/overlay/components/context-demo/context-demo.spec.ts (4 tests) 186ms
 Γ£ô |tia-frontend| src/app/shared/lib/overlay/ui-modal/ui-modal.spec.ts (8 tests) 227ms
 Γ£ô |tia-frontend| src/app/features/bank/settings/shared/ui/approve-ui/permissions-modal/permissions-modal.spec.ts (1 test) 210ms
 Γ£ô |tia-frontend| src/app/shared/lib/forms/dropdowns/dropdowns.spec.ts (4 tests) 163ms
 Γ£ô |tia-frontend| src/app/features/storybook/components/overlay/components/bottom-sheet-modal/bottom-sheet-modal.spec.ts (3 tests) 203ms
 Γ£ô |tia-frontend| src/app/shared/lib/feedback/route-loader/route-loader.spec.ts (7 tests) 192ms
 Γ£ô |tia-frontend| src/app/features/bank/dashboard/components/widget-transactions/widget-transactions.spec.ts (7 tests) 214ms
 Γ£ô |tia-frontend| src/app/shared/lib/palettes/color-application/color-application.spec.ts (5 tests) 189ms
 Γ£ô |tia-frontend| src/app/features/storybook/components/navigation/components/pagination-component/pagination-component.spec.ts (3 tests) 221ms
 Γ£ô |tia-frontend| src/app/features/storybook/components/overlay/components/confirm-account-dialog/confirm-account-dialog.spec.ts (2 tests) 225ms
 Γ£ô |tia-frontend| src/app/features/bank/loans/shared/ui/loans-grid/loans-grid.spec.ts (1 test) 277ms
 Γ£ô |tia-frontend| src/app/features/bank/settings/components/language/components/language-selection/language-selection-card/language-selection-card.spec.ts (6 tests) 166ms
 Γ£ô |tia-frontend| src/app/features/storybook/components/forms/layout-form/layout-form.spec.ts (1 test) 367ms
     Γ£ô should create  363ms
 Γ£ô |tia-frontend| src/app/features/bank/paybill/components/paybill-main/container/paybill-main.spec.ts (3 tests) 203ms
 Γ£ô |tia-frontend| src/app/app.spec.ts (3 tests) 201ms
 Γ£ô |tia-frontend| src/app/features/no-connection/container/no-connection.spec.ts (5 tests) 171ms
 Γ£ô |tia-frontend| src/app/features/bank/settings/components/accounts/shared/ui/account-card/account-card.spec.ts (1 test) 190ms
 Γ£ô |tia-frontend| src/app/shared/lib/navigation/pagination/pagination.spec.ts (5 tests) 200ms
 Γ£ô |tia-frontend| src/app/shared/lib/data-display/key-value-display/key-value-display.spec.ts (3 tests) 152ms
 Γ£ô |tia-frontend| src/app/features/bank/transfers/components/transfers-external/container/transfers-external.spec.ts (6 tests) 187ms
 Γ£ô |tia-frontend| src/app/shared/lib/layout/components/scroll-area/container/scroll-area.spec.ts (7 tests) 189ms
stderr | OutputEmitterRef.emit 
(file:\C:\Users\User\Desktop\TBC%20Academy\tia-frontend\node_modules\@angular\core\fesm2022\_resource-chunk.mjs:40:15)
NG0953: Unexpected emit for destroyed `OutputRef`. The owning directive/component is destroyed.

stderr | OutputEmitterRef.emit 
(file:\C:\Users\User\Desktop\TBC%20Academy\tia-frontend\node_modules\@angular\core\fesm2022\_resource-chunk.mjs:40:15)
NG0953: Unexpected emit for destroyed `OutputRef`. The owning directive/component is destroyed.

stderr | OutputEmitterRef.emit 
(file:\C:\Users\User\Desktop\TBC%20Academy\tia-frontend\node_modules\@angular\core\fesm2022\_resource-chunk.mjs:40:15)
NG0953: Unexpected emit for destroyed `OutputRef`. The owning directive/component is destroyed.

stderr | OutputEmitterRef.emit 
(file:\C:\Users\User\Desktop\TBC%20Academy\tia-frontend\node_modules\@angular\core\fesm2022\_resource-chunk.mjs:40:15)
NG0953: Unexpected emit for destroyed `OutputRef`. The owning directive/component is destroyed.

stderr | OutputEmitterRef.emit 
(file:\C:\Users\User\Desktop\TBC%20Academy\tia-frontend\node_modules\@angular\core\fesm2022\_resource-chunk.mjs:40:15)
NG0953: Unexpected emit for destroyed `OutputRef`. The owning directive/component is destroyed.

stderr | OutputEmitterRef.emit 
(file:\C:\Users\User\Desktop\TBC%20Academy\tia-frontend\node_modules\@angular\core\fesm2022\_resource-chunk.mjs:40:15)
NG0953: Unexpected emit for destroyed `OutputRef`. The owning directive/component is destroyed.

stderr | OutputEmitterRef.emit 
(file:\C:\Users\User\Desktop\TBC%20Academy\tia-frontend\node_modules\@angular\core\fesm2022\_resource-chunk.mjs:40:15)
NG0953: Unexpected emit for destroyed `OutputRef`. The owning directive/component is destroyed.

 Γ£ô |tia-frontend| src/app/features/bank/finances/components/finances-view/components/finances-breakdown/finances-breakdown.spec.ts (3 tests) 230ms
 Γ£ô |tia-frontend| src/app/shared/lib/forms/input-field/text-input.spec.ts (6 tests) 203ms
 Γ£ô |tia-frontend| src/app/features/bank/settings/shared/ui/settings-header/settings-header.spec.ts (1 test) 137ms
 Γ£ô |tia-frontend| src/app/features/bank/products/components/cards/components/card-details/components/card-info-section/card-info-section.spec.ts (1 test) 150ms
 Γ£ô |tia-frontend| src/app/shared/lib/palettes/palettes.spec.ts (4 tests) 142ms
 Γ£ô |tia-frontend| src/app/features/storybook/components/forms/layout-form/column-layout/column-layout.spec.ts (1 test) 312ms
     Γ£ô emits value and resets when form is valid  311ms
 Γ£ô |tia-frontend| src/app/features/bank/settings/components/language/container/language-container.spec.ts (1 test) 316ms
     Γ£ô should create  314ms
 Γ£ô |tia-frontend| src/app/shared/lib/forms/sliders/slider.spec.ts (3 tests) 180ms
 Γ£ô |tia-frontend| src/app/shared/lib/data-display/list-display/list-display.spec.ts (6 tests) 171ms
 Γ£ô |tia-frontend| src/app/features/bank/settings/components/loan-management/components/loan-case-drawer/components/loan-drawer-footer/loan-drawer-footer.spec.ts (5 tests) 147ms
 Γ£ô |tia-frontend| src/app/layout/ui/bank-header/components/bank-header/bank-header.spec.ts (5 tests) 156ms
 Γ£ô |tia-frontend| src/app/features/bank/dashboard/components/widget-exchange/widget-exchange.spec.ts (2 tests) 162ms
 Γ£ô |tia-frontend| src/app/features/storybook/container/storybook.container.spec.ts (1 test) 161ms
 Γ£ô |tia-frontend| src/app/shared/lib/overlay/ui-command-palette/ui-command-palette.spec.ts (2 tests) 142ms
stderr | src/app/features/bank/dashboard/components/widget-accounts/widget-accounts.spec.ts
NG0953: Unexpected emit for destroyed `OutputRef`. The owning directive/component is destroyed.

 Γ£ô |tia-frontend| src/app/features/bank/dashboard/components/widget-accounts/widget-accounts.spec.ts (1 test) 172ms
 Γ£ô |tia-frontend| src/app/shared/lib/layout/components/separator/separator.spec.ts (5 tests) 132ms
 Γ£ô |tia-frontend| src/app/features/storybook/components/overlay/components/delete-account-dialog/delete-account-dialog.spec.ts (2 tests) 205ms
 Γ£ô |tia-frontend| src/app/features/bank/paybill/components/shared/dynamic-inputs/dynamic-inputs.spec.ts (1 test) 190ms
 Γ£ô |tia-frontend| src/app/core/auth/container/auth-container.spec.ts (3 tests) 185ms
 Γ£ô |tia-frontend| src/app/features/storybook/components/overlay/components/command-palette-demo/command-palette-demo.spec.ts (1 test) 200ms
 Γ£ô |tia-frontend| src/app/features/bank/products/components/cards/components/card-list/components/add-card-button/add-card-button.spec.ts (1 test) 163ms
 Γ£ô |tia-frontend| src/app/core/auth/services/auth.service.spec.ts (22 tests) 174ms
 Γ£ô |tia-frontend| src/app/features/bank/settings/components/user-management/shared/ui/confirm-modal/confirm-modal.spec.ts (2 tests) 289ms
 Γ£ô |tia-frontend| src/app/shared/lib/layout/components/accordion/accordion-item/accordion-item.spec.ts (4 tests) 133ms
 Γ£ô |tia-frontend| src/app/shared/lib/primitives/badges/badges.spec.ts (1 test) 99ms
 Γ£ô |tia-frontend| src/app/features/bank/loans/shared/ui/loan-header/loan-header.spec.ts (1 test) 109ms
 Γ£ô |tia-frontend| src/app/shared/lib/drag-n-drop/components/drag-container/drag-container.spec.ts (7 tests) 141ms
 Γ£ô |tia-frontend| src/app/features/storybook/components/navigation/components/nav-bar/nav-bar.spec.ts (1 test) 146ms
 Γ£ô |tia-frontend| src/app/features/bank/paybill/components/paybill-templates/shared/ui/selected-items/selected-items.spec.ts (2 tests) 164ms
 Γ£ô |tia-frontend| src/app/shared/lib/forms/textarea/textarea.spec.ts (2 tests) 131ms
 Γ£ô |tia-frontend| src/app/core/auth/services/token.service.spec.ts (20 tests) 92ms
 Γ£ô |tia-frontend| src/app/features/bank/settings/components/user-management/shared/ui/user-card/user-card.spec.ts (1 test) 227ms
 Γ£ô |tia-frontend| src/app/features/storybook/components/navigation/components/horizontal-nav-bar/horizontal-nav-bar.spec.ts (2 tests) 167ms
 Γ£ô |tia-frontend| src/app/features/bank/products/components/cards/components/card-list/components/card-group-item/card-group-item.spec.ts (2 tests) 151ms
 Γ£ô |tia-frontend| src/app/features/bank/dashboard/container/dashboard-container.spec.ts (14 tests) 179ms
 Γ£ô |tia-frontend| src/app/features/bank/products/container/products-container.spec.ts (5 tests) 184ms
 Γ£ô |tia-frontend| src/app/features/storybook/shared/library-header/library-header.spec.ts (2 tests) 211ms
 Γ£ô |tia-frontend| src/app/shared/lib/navigation/navigation-bar/navigation-bar.spec.ts (3 tests) 164ms
 Γ£ô |tia-frontend| src/app/shared/lib/forms/otp/otp.spec.ts (3 tests) 167ms
 Γ£ô |tia-frontend| src/app/shared/lib/palettes/notes/notes.spec.ts (4 tests) 180ms
 Γ£ô |tia-frontend| src/app/layout/ui/bank-header/components/header-notifications/directives/visible-in-viewport.directive.spec.ts (3 tests) 106ms
 Γ£ô |tia-frontend| src/app/shared/lib/overlay/ui-context/ui-context.spec.ts (2 tests) 124ms
 Γ£ô |tia-frontend| src/app/features/bank/settings/components/loan-management/components/loan-case-drawer/components/loan-drawer-risk-assessment/loan-drawer-risk-assessment.spec.ts (1 test) 105ms
 Γ£ô |tia-frontend| src/app/features/bank/paybill/components/paybill-main/components/category-grid/components/category-items/category-grid.spec.ts (1 test) 156ms
 Γ£ô |tia-frontend| src/app/features/bank/settings/components/loan-management/components/loan-case-drawer/components/loan-drawer-applicant/loan-drawer-applicant.spec.ts (2 tests) 238ms
 Γ£ô |tia-frontend| src/app/shared/lib/forms/checkboxes/checkboxes.spec.ts (3 tests) 147ms
 Γ£ô |tia-frontend| src/app/features/storybook/components/forms/multistep-form/stepper-header/stepper-header.spec.ts (1 test) 117ms
 Γ£ô |tia-frontend| src/app/features/storybook/components/navigation/components/pills-component/pills-component.spec.ts (2 tests) 140ms
 Γ£ô |tia-frontend| src/app/store/products/cards/cards.effects.spec.ts (25 tests) 154ms
 Γ£ô |tia-frontend| src/app/shared/lib/alerts/components/alert-types-with-icons/alert-types-with-icons.spec.ts (3 tests) 140ms
 Γ£ô |tia-frontend| src/app/features/bank/paybill/components/paybill-main/components/provider-list/components/provider-item/provider-item.spec.ts (1 test) 148ms
 Γ£ô |tia-frontend| src/app/features/bank/settings/container/settings-container.spec.ts (1 test) 145ms
 Γ£ô |tia-frontend| src/app/features/bank/products/components/cards/components/account-cards/components/card-grid-item/card-grid-item.spec.ts (1 test) 123ms
 Γ£ô |tia-frontend| src/app/shared/lib/forms/switches/switches.spec.ts (3 tests) 142ms
 Γ£ô |tia-frontend| src/app/shared/lib/data-display/avatars/avatar.spec.ts (3 tests) 122ms
 Γ£ô |tia-frontend| src/app/shared/lib/primitives/button-group/button-group.component.spec.ts (4 tests) 262ms
 Γ£ô |tia-frontend| src/app/shared/lib/categories/category-item.spec.ts (3 tests) 221ms
 Γ£ô |tia-frontend| src/app/features/bank/products/components/cards/components/account-cards/components/account-header/account-header.spec.ts (1 test) 140ms
 Γ£ô |tia-frontend| src/app/features/wild-card/wild-card.spec.ts (1 test) 94ms
 Γ£ô |tia-frontend| src/app/shared/lib/alerts/components/basic-alerts/basic-alerts.spec.ts (3 tests) 113ms
 Γ£ô |tia-frontend| src/app/shared/lib/navigation/pills-nav/pills-nav.spec.ts (5 tests) 138ms
 Γ£ô |tia-frontend| src/app/shared/lib/data-display/avatars/avatar-groups/avatar-group.spec.ts (2 tests) 136ms
 Γ£ô |tia-frontend| src/app/features/bank/products/components/cards/components/card-details/components/quick-actions-section/quick-actions-section.spec.ts (2 tests) 142ms
 Γ£ô |tia-frontend| src/app/features/bank/dashboard/components/onboarding/shared/ui/navigation-hub/navigation-hub.spec.ts (2 tests) 108ms
 Γ£ô |tia-frontend| src/app/shared/lib/alerts/components/alerts-with-actions/alerts-with-actions.spec.ts (3 tests) 117ms
 Γ£ô |tia-frontend| src/app/features/bank/transfers/ui/verified-user-card/verified-user-card.spec.ts (7 tests) 131ms
 Γ£ô |tia-frontend| src/app/features/bank/transfers/services/transfer-repeat.service.spec.ts (9 tests) 107ms
 Γ£ô |tia-frontend| src/app/features/bank/products/components/cards/container/cards.spec.ts (1 test) 41ms
 Γ£ô |tia-frontend| src/app/shared/lib/data-display/timeline-display/timeline-display.spec.ts (4 tests) 148ms
 Γ£ô |tia-frontend| src/app/shared/lib/layout/components/collapsible/collapsible.spec.ts (3 tests) 123ms
 Γ£ô |tia-frontend| src/app/store/transactions/transactions.effects.spec.ts (13 tests) 98ms
 Γ£ô |tia-frontend| src/app/shared/ui/global-alert/global-alert.spec.ts (3 tests) 128ms
 Γ£ô |tia-frontend| src/app/shared/lib/alerts/components/dismissible-alerts/dismissible-alerts.spec.ts (2 tests) 131ms
 Γ£ô |tia-frontend| src/app/shared/lib/cards/basic-card/basic-card.spec.ts (4 tests) 130ms
 Γ£ô |tia-frontend| src/app/features/bank/dashboard/components/onboarding/shared/ui/customizable-widgets/customizable-widgets.spec.ts (2 tests) 141ms
 Γ£ô |tia-frontend| src/app/features/bank/loans/shared/ui/loan-navigation/loan-navigation.spec.ts (2 tests) 156ms
 Γ£ô |tia-frontend| src/app/features/bank/messaging/integration/delete-mail.int.spec.ts (3 tests) 65ms
 Γ£ô |tia-frontend| src/app/features/bank/products/components/cards/components/card-list/components/card-stack/card-stack.spec.ts (2 tests) 143ms
 Γ£ô |tia-frontend| src/app/features/bank/paybill/components/paybill-templates/shared/ui/total-amount/total-amount.spec.ts (3 tests) 91ms
 Γ£ô |tia-frontend| src/app/shared/lib/cards/category-card/category-card.spec.ts (2 tests) 104ms
 Γ£ô |tia-frontend| src/app/features/bank/products/components/cards/components/card-details/components/card-image/card-image.spec.ts (1 test) 68ms
 Γ£ô |tia-frontend| src/app/shared/lib/drag-n-drop/base/drag-base.spec.ts (9 tests) 131ms
 Γ£ô |tia-frontend| src/app/shared/lib/cards/statistic-card/statistic-card.spec.ts (2 tests) 99ms
 Γ£ô |tia-frontend| src/app/features/bank/paybill/components/paybill-main/services/paybill-main-facade.spec.ts (16 tests) 114ms
 Γ£ô |tia-frontend| src/app/features/bank/paybill/components/paybill-main/shared/ui/payment-summary/payment-summary.spec.ts (1 test) 128ms
 Γ£ô |tia-frontend| src/app/layout/ui/bank-header/components/header-notifications/store/notifications.store.spec.ts (18 tests) 127ms
 Γ£ô |tia-frontend| src/app/shared/lib/alerts/components/simple-alerts/simple-alerts.spec.ts (3 tests) 107ms
 Γ£ô |tia-frontend| src/app/features/bank/loans/shared/services/loans.service.spec.ts (10 tests) 83ms
 Γ£ô |tia-frontend| src/app/shared/lib/forms/base/utils/input.util.spec.ts (12 tests) 95ms
 Γ£ô |tia-frontend| src/app/features/bank/products/integrations/accounts/transfer-flow.int.spec.ts (7 tests) 113ms
 Γ£ô |tia-frontend| src/app/shared/lib/overlay/ui-sheet-modal/ui-sheet-modal.spec.ts (2 tests) 133ms
 Γ£ô |tia-frontend| src/app/features/bank/dashboard/components/shared/ui/customize-button/customize-button.spec.ts (2 tests) 133ms
 Γ£ô |tia-frontend| src/app/features/bank/paybill/services/breadcrumb/breadcrumb.spec.ts (6 tests) 53ms
 Γ£ô |tia-frontend| src/app/store/personal-info/personal-info.effects.spec.ts (21 tests) 150ms
 Γ£ô |tia-frontend| src/app/shared/lib/feedback/spinner/spinner.spec.ts (4 tests) 111ms
 Γ£ô |tia-frontend| src/app/features/bank/products/components/cards/components/create-card-modal/components/design-selector/design-selector.spec.ts (1 test) 115ms
 Γ£ô |tia-frontend| src/app/features/bank/settings/components/loan-management/components/loan-case-drawer/components/loan-drawer-loan-details/loan-drawer-loan-details.spec.ts (1 test) 129ms
 Γ£ô |tia-frontend| src/app/shared/lib/layout/components/flex-layout/flex-layout.spec.ts (4 tests) 91ms
 Γ£ô |tia-frontend| src/app/shared/lib/data-display/tooltip/tooltip.spec.ts (3 tests) 113ms
 Γ£ô |tia-frontend| src/app/features/bank/dashboard/components/onboarding/shared/ui/navigation-hub/components/navigation-hub-card/navigation-hub-card.spec.ts (3 tests) 104ms
 Γ£ô |tia-frontend| src/app/shared/lib/data-display/aspect-ratio/aspect-ratio.spec.ts (1 test) 118ms
 Γ£ô |tia-frontend| src/app/features/bank/settings/components/language/components/language-selection/language-info/language-info.spec.ts (1 test) 102ms
 Γ£ô |tia-frontend| src/app/shared/lib/data-display/hover-card/hover-card.spec.ts (2 tests) 80ms
 Γ£ô |tia-frontend| src/app/features/bank/messaging/shared/ui/replies-card/replies-card.spec.ts (1 test) 113ms
 Γ£ô |tia-frontend| src/app/features/bank/dashboard/components/onboarding/shared/ui/customizable-widgets/components/widget-card/widget-card.spec.ts (2 tests) 95ms
 Γ£ô |tia-frontend| src/app/features/bank/products/components/cards/components/card-transactions/components/transaction-card-header/transaction-card-header.spec.ts (3 tests) 137ms
 Γ£ô |tia-frontend| src/app/shared/services/user-info/widgets-service.api.spec.ts (6 tests) 53ms
 Γ£ô |tia-frontend| src/app/features/bank/paybill/components/paybill-main/shared/ui/back-navigation/back-navigation.spec.ts (6 tests) 132ms
 Γ£ô |tia-frontend| src/app/features/bank/settings/components/user-management/store/user-management.store.spec.ts (12 tests) 66ms
 Γ£ô |tia-frontend| src/app/shared/lib/feedback/error-states/error-states.spec.ts (1 test) 113ms
 Γ£ô |tia-frontend| src/app/shared/ui/pill-paging/pill-paging.spec.ts (2 tests) 106ms
 Γ£ô |tia-frontend| src/app/features/storybook/shared/navigation/navigation.spec.ts (1 test) 97ms
 Γ£ô |tia-frontend| src/app/store/user-info/user-info.effect.spec.ts (6 tests) 47ms
 Γ£ô |tia-frontend| src/app/core/auth/shared/side-panel/side-panel.spec.ts (1 test) 90ms
 Γ£ô |tia-frontend| src/app/shared/lib/layout/components/grid-layout/container/grid-layout.spec.ts (4 tests) 89ms
 Γ£ô |tia-frontend| src/app/features/bank/dashboard/components/shared/ui/customize-card/customize-card.spec.ts (2 tests) 93ms
 Γ£ô |tia-frontend| src/app/features/bank/settings/components/loan-management/shared/ui/loan-badge/loan-badge.spec.ts (2 tests) 90ms
 Γ£ô |tia-frontend| src/app/features/storybook/shared/showcase-card/showcase-card.spec.ts (1 test) 72ms
 Γ£ô |tia-frontend| src/app/features/bank/dashboard/services/dashboard.service.spec.ts (10 tests) 80ms
 Γ£ô |tia-frontend| src/app/core/auth/shared/auth-header/auth-header.spec.ts (1 test) 87ms
 Γ£ô |tia-frontend| src/app/features/storybook/shared/library-title/library-title.spec.ts (1 test) 78ms
 Γ£ô |tia-frontend| src/app/shared/lib/drag-n-drop/directives/drag-item.directive.spec.ts (3 tests) 92ms
 Γ£ô |tia-frontend| src/app/features/storybook/components/drag-and-drop/instructions-card/instructions-card.spec.ts (1 test) 93ms
 Γ£ô |tia-frontend| src/app/features/bank/transactions/services/transactions-actions.service.spec.ts (10 tests) 75ms
 Γ£ô |tia-frontend| src/app/features/bank/messaging/services/messaging-api.service.spec.ts (11 tests) 76ms
 Γ£ô |tia-frontend| src/app/features/bank/settings/components/user-management/integration/user-management.int.spec.ts (6 tests) 86ms
 Γ£ô |tia-frontend| src/app/core/auth/components/sign-up/sign-up.spec.ts (10 tests) 148ms
 Γ£ô |tia-frontend| src/app/shared/lib/forms/base/base-input.spec.ts (4 tests) 79ms
 Γ£ô |tia-frontend| src/app/features/bank/settings/components/profile-photo/store/profile-photo/profile-photo.effects.spec.ts (12 tests) 74ms
 Γ£ô |tia-frontend| src/app/features/bank/products/components/cards/components/create-card-modal/components/card-preview/card-preview.spec.ts (1 test) 107ms
 Γ£ô |tia-frontend| src/app/features/bank/settings/shared/ui/settings-body/settings-body.spec.ts (1 test) 70ms
 Γ£ô |tia-frontend| src/app/shared/lib/navigation/breadcrumbs/breadcrumbs.spec.ts (2 tests) 81ms
 Γ£ô |tia-frontend| src/app/shared/lib/primitives/button/button.spec.ts (1 test) 80ms
 Γ£ô |tia-frontend| src/app/core/auth/interceptors/auth-interceptor.spec.ts (8 tests) 56ms
 Γ£ô |tia-frontend| src/app/features/bank/paybill/components/paybill-templates/services/paybill-templates-service.spec.ts (13 tests) 82ms
 Γ£ô |tia-frontend| src/app/features/bank/paybill/services/paybill-dynamic-form/paybill-dynamic-form.spec.ts (10 tests) 61ms
 Γ£ô |tia-frontend| src/app/features/bank/settings/components/loan-management/components/loan-case-drawer/components/loan-drawer-decline-form/loan-drawer-decline-form.spec.ts (1 test) 75ms
 Γ£ô |tia-frontend| src/app/features/bank/products/integrations/accounts/rename-account.int.spec.ts (2 tests) 39ms
 Γ£ô |tia-frontend| src/app/store/products/accounts/accounts.effects.spec.ts (6 tests) 42ms
 Γ£ô |tia-frontend| src/app/shared/lib/layout/components/accordion/container/accordion.spec.ts (3 tests) 77ms
 Γ£ô |tia-frontend| src/app/features/bank/transfers/components/transfers-external/services/transfer-execution.service.spec.ts (11 tests) 75ms
 Γ£ô |tia-frontend| src/app/features/bank/settings/components/loan-management/shared/services/loan-management-api.service.spec.ts (5 tests) 56ms
 Γ£ô |tia-frontend| src/app/features/bank/settings/components/approve-cards/store/approve-cards.store.spec.ts (8 tests) 75ms
 Γ£ô |tia-frontend| src/app/features/bank/products/components/cards/service/cards.service.spec.ts (8 tests) 71ms
 Γ£ô |tia-frontend| src/app/features/bank/transfers/services/transfersApi.service.spec.ts (9 tests) 66ms
 Γ£ô |tia-frontend| src/app/core/auth/shared/error-page/error-page.spec.ts (2 tests) 102ms
 Γ£ô |tia-frontend| src/app/features/bank/transfers/store/transfers.store.spec.ts (12 tests) 104ms
 Γ£ô |tia-frontend| src/app/features/bank/messaging/integration/inbox.int.spec.ts (3 tests) 54ms
stderr | src/app/features/bank/loans/inteagration/all-loans.int.spec.ts > Loans Integration - View Loans Flow > should 
filter loans by status (Approved)
@ngrx/store: The feature name "accounts" does not exist in the state, therefore createFeatureSelector cannot access 
it.  Be sure it is imported in a loaded module using StoreModule.forRoot('accounts', ...) or 
StoreModule.forFeature('accounts', ...).  If the default state is intended to be undefined, as is the case with router 
state, this development-only warning message can be ignored.

 Γ£ô |tia-frontend| src/app/shared/lib/navigation/tabs/tabs.spec.ts (1 test) 79ms
 Γ£ô |tia-frontend| src/app/features/bank/settings/components/accounts/strore/accounts.store.spec.ts (9 tests) 89ms
 Γ£ô |tia-frontend| src/app/features/storybook/components/overlay/components/bottom-sheet-modal/components/bottom-action-card/bottom-action-card.spec.ts (1 test) 79ms
 Γ£ô |tia-frontend| src/app/features/bank/settings/components/language/store/languages.store.spec.ts (6 tests) 61ms
 Γ£ô |tia-frontend| src/app/features/bank/messaging/integration/mark-read.int.spec.ts (3 tests) 59ms
stderr | src/app/features/bank/loans/inteagration/all-loans.int.spec.ts > Loans Integration - View Loans Flow > should 
navigate to next loan details
@ngrx/store: The feature name "accounts" does not exist in the state, therefore createFeatureSelector cannot access 
it.  Be sure it is imported in a loaded module using StoreModule.forRoot('accounts', ...) or 
StoreModule.forFeature('accounts', ...).  If the default state is intended to be undefined, as is the case with router 
state, this development-only warning message can be ignored.

 Γ£ô |tia-frontend| src/app/features/bank/loans/inteagration/all-loans.int.spec.ts (6 tests) 98ms
 Γ£ô |tia-frontend| src/app/shared/services/settings-language/alert.service.spec.ts (9 tests) 69ms
 Γ£ô |tia-frontend| src/app/features/bank/products/integrations/accounts/create-account.int.spec.ts (2 tests) 37ms
 Γ£ô |tia-frontend| src/app/shared/services/transactions-service/transactions.api.service.spec.ts (5 tests) 49ms
 Γ£ô |tia-frontend| src/app/features/bank/paybill/services/paybill/paybill-service.spec.ts (6 tests) 53ms
 Γ£ô |tia-frontend| src/app/shared/lib/drag-n-drop/services/tree.service.spec.ts (11 tests) 68ms
 Γ£ô |tia-frontend| src/app/features/bank/messaging/integration/email-detail.int.spec.ts (2 tests) 50ms
 Γ£ô |tia-frontend| src/app/features/bank/messaging/shared/ui/empty-card/empty-card.spec.ts (1 test) 77ms
 Γ£ô |tia-frontend| src/app/features/bank/settings/components/user-management/shared/services/user-management.service.spec.ts (5 tests) 48ms
 Γ£ô |tia-frontend| src/app/features/bank/loans/inteagration/prepayment.int.spec.ts (2 tests) 47ms
 Γ£ô |tia-frontend| src/app/features/bank/transfers/components/transfers-external/services/transfer-amount.service.spec.ts (9 tests) 70ms
 Γ£ô |tia-frontend| src/app/features/bank/messaging/integration/mail-counts.int.spec.ts (3 tests) 31ms
 Γ£ô |tia-frontend| src/app/shared/lib/color-switching-buttons/color-switch/color-switch.spec.ts (2 tests) 110ms
 Γ£ô |tia-frontend| src/app/features/bank/settings/components/approve-accounts/store/approve-accounts.store.spec.ts (8 tests) 69ms
 Γ£ô |tia-frontend| src/app/shared/lib/layout/components/grid-layout/grid-item/grid-item.spec.ts (1 test) 70ms
 Γ£ô |tia-frontend| src/app/features/bank/transfers/components/transfers-external/services/transfer-account-selection.service.spec.ts (8 tests) 57ms
 Γ£ô |tia-frontend| src/app/features/bank/messaging/integration/send-email.int.spec.ts (3 tests) 51ms
stderr | src/app/features/bank/loans/inteagration/loans-dashboard.int.spec.ts > Loans Integration - Dashboard 
Interactions > should filter loans by search query locally
@ngrx/store: The feature name "accounts" does not exist in the state, therefore createFeatureSelector cannot access 
it.  Be sure it is imported in a loaded module using StoreModule.forRoot('accounts', ...) or 
StoreModule.forFeature('accounts', ...).  If the default state is intended to be undefined, as is the case with router 
state, this development-only warning message can be ignored.

 Γ£ô |tia-frontend| src/app/features/bank/loans/inteagration/loans-dashboard.int.spec.ts (2 tests) 52ms
 Γ£ô |tia-frontend| src/app/features/bank/transfers/components/transfers-external/services/transfer-recipient.service.spec.ts (8 tests) 63ms
 Γ£ô |tia-frontend| src/app/shared/services/accounts/accounts.api.service.spec.ts (5 tests) 87ms
 Γ£ô |tia-frontend| src/app/features/bank/messaging/services/navigation.service.spec.ts (4 tests) 26ms
 Γ£ô |tia-frontend| src/app/core/auth/services/monitor-inacticity.service.spec.ts (2 tests) 25ms
 Γ£ô |tia-frontend| src/app/core/services/alert/alert.service.spec.ts (6 tests) 50ms
 Γ£ô |tia-frontend| src/app/features/bank/loans/inteagration/request-loan.int.spec.ts (2 tests) 63ms
 Γ£ô |tia-frontend| src/app/core/auth/guards/auth-guard.spec.ts (3 tests) 36ms
 Γ£ô |tia-frontend| src/app/features/bank/messaging/integration/search-users.int.spec.ts (3 tests) 48ms
 Γ£ô |tia-frontend| src/app/layout/ui/bank-header/components/header-notifications/service/notifications.spec.ts (9 tests) 70ms
 Γ£ô |tia-frontend| src/app/features/bank/finances/store/finances.store.spec.ts (8 tests) 103ms
 Γ£ô |tia-frontend| src/app/features/bank/messaging/integration/send-draft.int.spec.ts (2 tests) 49ms
 Γ£ô |tia-frontend| src/app/shared/lib/drag-n-drop/services/kanban.service.spec.ts (6 tests) 38ms
 Γ£ô |tia-frontend| src/app/shared/services/messages/inbox.service.spec.ts (3 tests) 28ms
 Γ£ô |tia-frontend| src/app/features/bank/transfers/components/transfers-internal/guards/accounts-selected.guard.spec.ts (3 tests) 27ms
 Γ£ô |tia-frontend| src/app/features/bank/paybill/store/paybill.reducer.spec.ts (66 tests) 32ms
 Γ£ô |tia-frontend| src/app/store/theme/theme.effects.spec.ts (2 tests) 22ms
 Γ£ô |tia-frontend| src/app/store/exchange-rates/exchange-rates.effects.spec.ts (3 tests) 29ms
 Γ£ô |tia-frontend| src/app/features/bank/transactions/services/transactions-facade.service.spec.ts (7 tests) 62ms
 Γ£ô |tia-frontend| src/app/features/bank/finances/services/finances.service.spec.ts (4 tests) 86ms
 Γ£ô |tia-frontend| src/app/shared/services/personal-info/personal-info.api.service.spec.ts (5 tests) 39ms
 Γ£ô |tia-frontend| src/app/features/bank/messaging/integration/mail-replies.int.spec.ts (2 tests) 88ms
 Γ£ô |tia-frontend| src/app/core/services/navigation/navigation.service.spec.ts (5 tests) 45ms
 Γ£ô |tia-frontend| src/app/features/bank/transactions/services/transactions-view-model.service.spec.ts (5 tests) 47ms
 Γ£ô |tia-frontend| src/app/features/bank/settings/components/approve-cards/shared/services/approve-cards.service.spec.ts (4 tests) 48ms
 Γ£ô |tia-frontend| src/app/features/bank/settings/components/language/services/language-api.service.spec.ts (3 tests) 43ms
 Γ£ô |tia-frontend| src/app/features/bank/transfers/services/transfer-utils.service.spec.ts (6 tests) 32ms
 Γ£ô |tia-frontend| src/app/core/services/breakpoints/breakpoint.service.spec.ts (3 tests) 27ms
 Γ£ô |tia-frontend| src/app/shared/services/exchange-rates/currency-converter.service.spec.ts (3 tests) 20ms
 Γ£ô |tia-frontend| src/app/shared/services/profile-photo/profile-photo.service.spec.ts (4 tests) 38ms
 Γ£ô |tia-frontend| src/app/features/bank/products/integrations/accounts/load-accounts.int.spec.ts (2 tests) 37ms
 Γ£ô |tia-frontend| src/app/features/bank/settings/components/approve-accounts/service/approve-accounts.api.service.spec.ts (4 tests) 53ms
 Γ£ô |tia-frontend| src/app/shared/lib/overlay/ui-modal/services/service-modal.spec.ts (2 tests) 38ms
 Γ£ô |tia-frontend| src/app/shared/services/exchange-rates/exchange-rates.api.service.spec.ts (4 tests) 37ms
 Γ£ô |tia-frontend| src/app/core/auth/guards/reset-password-guard.spec.ts (3 tests) 26ms
 Γ£ô |tia-frontend| src/app/store/loans/loans.effects.spec.ts (3 tests) 27ms
 Γ£ô |tia-frontend| src/app/features/bank/settings/components/profile-photo/integrations/personal-info.int.spec.ts (2 tests) 46ms
 Γ£ô |tia-frontend| src/app/store/products/accounts/accounts.reducer.spec.ts (16 tests) 19ms
 Γ£ô |tia-frontend| src/app/features/bank/finances/integration/load-data.int.spec.ts (2 tests) 23ms
 Γ£ô |tia-frontend| src/app/shared/services/user-info/user-info.service.spec.ts (3 tests) 43ms
 Γ£ô |tia-frontend| src/app/features/bank/settings/components/appearance/services/appearance-api.service.spec.ts (3 tests) 34ms
 Γ£ô |tia-frontend| src/app/core/auth/guards/guest-guard.spec.ts (4 tests) 31ms
 Γ£ô |tia-frontend| src/app/core/auth/guards/phone.guard.spec.ts (3 tests) 24ms
 Γ£ô |tia-frontend| src/app/features/bank/messaging/integration/favorites.int.spec.ts (2 tests) 54ms
 Γ£ô |tia-frontend| src/app/features/bank/settings/components/security/store/security.effects.spec.ts (2 tests) 26ms
 Γ£ô |tia-frontend| src/app/shared/services/loans/loan-create.service.spec.ts (1 test) 23ms
 Γ£ô |tia-frontend| src/app/store/products/cards/cards.selectors.spec.ts (33 tests) 13ms
 Γ£ô |tia-frontend| src/app/shared/utils/accounts-icons/account.utils.spec.ts (3 tests) 27ms
 Γ£ô |tia-frontend| src/app/features/bank/settings/components/security/service/security.service.spec.ts (1 test) 24ms
 Γ£ô |tia-frontend| src/app/features/bank/settings/components/accounts/services/acount-management.service.spec.ts (4 tests) 61ms
 Γ£ô |tia-frontend| src/app/shared/services/cards/card-list.service.api.spec.ts (2 tests) 58ms
 Γ£ô |tia-frontend| src/app/features/bank/transfers/components/transfers-external/guards/recipient-verified.guard.spec.ts (2 tests) 31ms
 Γ£ô |tia-frontend| src/app/features/bank/products/components/accounts/utils/format-date.utils.spec.ts (2 tests) 22ms
 Γ£ô |tia-frontend| src/app/features/bank/transfers/components/transfers-external/validators/transfer-validator.spec.ts (9 tests) 16ms
 Γ£ô |tia-frontend| src/app/core/auth/utils/validators/form-validations.spec.ts (3 tests) 9ms
 Γ£ô |tia-frontend| src/app/features/bank/settings/components/profile-photo/store/profile-photo/profile-photo.reducer.spec.ts (15 tests) 16ms
 Γ£ô |tia-frontend| src/app/store/products/cards/cards.actions.spec.ts (20 tests) 19ms
 Γ£ô |tia-frontend| src/app/store/products/cards/cards.reducer.spec.ts (35 tests) 31ms
 Γ£ô |tia-frontend| src/app/features/bank/transactions/utils/transactions-filters.utils.spec.ts (4 tests) 12ms
 Γ£ô |tia-frontend| src/app/features/bank/transfers/components/transfers-external/utils/transfers-external.utils.spec.ts (8 tests) 15ms
 Γ£ô |tia-frontend| src/app/features/no-connection/service/no-connection.service.spec.ts (4 tests) 68ms
 Γ£ô |tia-frontend| src/app/core/guards/support-role.guard.spec.ts (1 test) 29ms
 Γ£ô |tia-frontend| src/app/features/bank/paybill/store/paybill.selectors.spec.ts (18 tests) 28ms
 Γ£ô |tia-frontend| src/app/features/bank/finances/validators/date-range.validator.spec.ts (3 tests) 15ms
 Γ£ô |tia-frontend| src/app/features/bank/transfers/components/transfers-external/services/transfer-validation.service.spec.ts (9 tests) 14ms
 Γ£ô |tia-frontend| src/app/store/products/accounts/accounts.selectors.spec.ts (11 tests) 14ms
 Γ£ô |tia-frontend| src/app/features/bank/settings/components/user-management/shared/services/user-modal.service.spec.ts (1 test) 7ms
 Γ£ô |tia-frontend| src/app/features/bank/settings/components/approve-accounts/utils/user-formatter.utils.spec.ts (3 tests) 7ms
 Γ£ô |tia-frontend| src/app/store/theme/theme.reducer.spec.ts (5 tests) 8ms
 Γ£ô |tia-frontend| src/app/features/bank/settings/components/user-management/shared/services/pagination.service.spec.ts (2 tests) 13ms
 Γ£ô |tia-frontend| src/app/store/exchange-rates/exchange-rates.selectors.spec.ts (4 tests) 8ms
 Γ£ô |tia-frontend| src/app/store/transactions/transactions.selector.spec.ts (10 tests) 11ms
 Γ£ô |tia-frontend| src/app/store/personal-info/personal-info.reducer.spec.ts (11 tests) 12ms
 Γ£ô |tia-frontend| src/app/store/personal-info/personal-info.selectors.spec.ts (4 tests) 9ms
 Γ£ô |tia-frontend| src/app/features/bank/paybill/components/paybill-templates/configs/paybill-templates.forms.spec.ts (4 tests) 18ms
 Γ£ô |tia-frontend| src/app/features/bank/products/components/accounts/utils/transfer-permissions.utils.spec.ts (7 tests) 8ms
 Γ£ô |tia-frontend| src/app/features/bank/transfers/components/transfers-external/guards/accounts-selected.guard.spec.ts (1 test) 21ms
 Γ£ô |tia-frontend| src/app/features/bank/loans/shared/utils/gettoday.util.spec.ts (1 test) 10ms
 Γ£ô |tia-frontend| src/app/store/transactions/transactions.reducer.spec.ts (13 tests) 28ms
 Γ£ô |tia-frontend| src/app/store/user-info/user-info.selectors.spec.ts (10 tests) 11ms
 Γ£ô |tia-frontend| src/app/features/bank/settings/components/security/store/security.selectors.spec.ts (2 tests) 8ms
 Γ£ô |tia-frontend| src/app/store/user-info/user-info.reducer.spec.ts (21 tests) 58ms
 Γ£ô |tia-frontend| src/app/core/auth/services/credentials.service.spec.ts (5 tests) 20ms
 Γ£ô |tia-frontend| src/app/features/bank/settings/components/appearance/guard/unsaved-changes.guard.spec.ts (5 tests) 8ms
 Γ£ô |tia-frontend| src/app/shared/pipes/transaction-sign/transaction-sign-pipe.spec.ts (5 tests) 8ms
 Γ£ô |tia-frontend| src/app/features/bank/dashboard/pipes/currency-symbols.pipe.spec.ts (6 tests) 9ms
 Γ£ô |tia-frontend| src/app/features/bank/settings/components/security/store/security.reducer.spec.ts (6 tests) 5ms
 Γ£ô |tia-frontend| src/app/store/exchange-rates/exchange-rates.actions.spec.ts (4 tests) 8ms
 Γ£ô |tia-frontend| src/app/core/auth/utils/resolve-panel-data.spec.ts (9 tests) 16ms
 Γ£ô |tia-frontend| src/app/store/meta-reducers.spec.ts (2 tests) 7ms
 Γ£ô |tia-frontend| src/app/store/loans/loans.reducer.spec.ts (4 tests) 21ms
 Γ£ô |tia-frontend| src/app/store/loans/loans.actions.spec.ts (3 tests) 8ms
 Γ£ô |tia-frontend| src/app/features/bank/settings/components/user-management/shared/services/user-search.service.spec.ts (2 tests) 14ms
 Γ£ô |tia-frontend| src/app/shared/services/transactions-service/utils/transactions-params.spec.ts (4 tests) 14ms
 Γ£ô |tia-frontend| src/app/features/bank/settings/components/profile-photo/store/profile-photo/profile-photo.selectors.spec.ts (7 tests) 11ms
 Γ£ô |tia-frontend| src/app/features/bank/transactions/utils/data-converter.utils.spec.ts (3 tests) 25ms
 Γ£ô |tia-frontend| src/app/shared/pipes/first-upper/first-upper-pipe.spec.ts (3 tests) 7ms
 Γ£ô |tia-frontend| src/app/store/theme/theme.selectors.spec.ts (1 test) 5ms
 Γ£ô |tia-frontend| src/app/features/bank/loans/shared/pipes/purpose.pipe.spec.ts (2 tests) 5ms
 Γ£ô |tia-frontend| src/app/store/exchange-rates/exchange-rates.reducers.spec.ts (4 tests) 10ms
 Γ£ô |tia-frontend| src/app/features/bank/settings/components/approve-accounts/utils/permission.utils.spec.ts (4 tests) 9ms
 Γ£ô |tia-frontend| src/app/features/storybook/components/navigation/test/test-reports.spec.ts (1 test) 3ms
 Γ£ô |tia-frontend| src/app/store/products/accounts/accounts.state.spec.ts (1 test) 3ms
 Γ£ô |tia-frontend| src/app/features/bank/settings/components/profile-photo/store/profile-photo/profile-photo.state.spec.ts (1 test) 6ms
 Γ£ô |tia-frontend| src/app/features/bank/settings/components/security/store/security.state.spec.ts (1 test) 5ms
 Γ£ô |tia-frontend| src/app/features/storybook/components/navigation/test/test-overview.spec.ts (1 test) 4ms
 Γ£ô |tia-frontend| src/app/features/bank/loans/shared/utils/purposes.util.spec.ts (2 tests) 6ms
 Γ£ô |tia-frontend| src/app/features/bank/loans/shared/utils/titlecase.util.spec.ts (2 tests) 7ms
 Γ£ô |tia-frontend| src/app/shared/utils/camel-case/camel-case.utils.spec.ts (2 tests) 6ms
 Γ£ô |tia-frontend| src/app/shared/utils/translate-config/config-translator.util.spec.ts (2 tests) 9ms
 Γ£ô |tia-frontend| src/app/store/personal-info/personal-info.state.spec.ts (1 test) 6ms

 Test Files  468 passed (468)
      Tests  2639 passed (2639)
   Start at  05:17:24
   Duration  32.83s (transform 82.19s, setup 263.85s, collect 168.98s, tests 92.72s, environment 35.03s, prepare 75.10s)




 NX   Successfully ran target test for project tia-frontend


